<?xml version="1.0" ?><Root><Item><ID>8lQY9FQv3uI</ID><Header>Поўнае выданне навінаў за 14.02.2019</Header><Body>Галоўныя падзеі ў Беларусі і суседзяў паводле рэдакцыі "Аб'ектыву". https://belsat.eu/?p=984275

- Новае самагубства. 30-гадовая маці скончыла з жыццём, калі адабралі дзяцей
- Што сеяць у Беларусі, каб не стала пуста ў бюджэце
- Калі аўтобус становіцца мараю
- Кавярня Veterano Pizza, дзе не смяюцца з вайны, а смяюцца на вайне
- Узрушаны Мясніковіч кленчыў у памяць ахвяраў 1946-га і гаварыў па-беларуску

Нашая старонка – https://belsat.eu/
Расклад новых выданняў – https://belsat.eu/schedule

Падпішыся на нашыя каналы

BELSAT NEWS – https://goo.gl/fe2Lw9
ВОТ ТАК – http://goo.gl/Kra6Qf
БЕЛСАТ БЕЗ ПАЛІТЫКІ – https://goo.gl/qSjU7a
БЕЛСАТ ГІСТОРЫЯ – https://goo.gl/cfiYTj
БЕЛСАТ МУЗЫКА – https://goo.gl/NDB5oB
ЖЭСТАЧАЙШЫ МУЛЬТ – https://goo.gl/obVGMH
BIEŁSAT PO POLSKU – https://goo.gl/4LdFdG
BELSAT IN ENGLISH – https://goo.gl/mtBQvM

Далучыся да нас у сацыяльных сетках

Па-беларуску

FACEBOOK – https://goo.gl/nWYVXF
VKONTAKTE – https://goo.gl/vvwJyJ
TELEGRAM – https://goo.gl/jMMQAc
INSTAGRAM – https://goo.gl/Vsuix6
TWITTER – https://goo.gl/CbSrPA

По-русски

FACEBOOK – https://goo.gl/N4FKHF
TWITTER – https://goo.gl/J4wpAg
ODNOKLASSNIKI – https://goo.gl/sXdZ4p

Po polsku

FACEBOOK – https://goo.gl/b7VuoV
TWITTER – https://goo.gl/rmvobb

In english

TWITTER – https://goo.gl/P3H5Qp

Па ўсіх пытаннях – belsat.eu@gmail.com

#самоубийство #социальный #Лукашенко</Body><Username>БЕЛСАТ NEWS</Username><UserID>UCRokSp8CGOuQO4R0F1RxRGg</UserID><Confirmed></Confirmed><Date>2019-02-14T18:52:07</Date><Tags><Tag>Польша</Tag><Tag> Европа</Tag><Tag> Запад</Tag><Tag> самоубийство</Tag><Tag> повесилась</Tag><Tag> покончила с собой</Tag><Tag> отобрали детей</Tag><Tag> забирают детей</Tag><Tag> сельское</Tag><Tag> колхоз</Tag><Tag> Лукашенко</Tag><Tag> лука</Tag><Tag> батька</Tag><Tag> бацька</Tag><Tag> социалка</Tag><Tag> социальные темы</Tag><Tag> социальные проблемы</Tag><Tag> дети</Tag><Tag> приют</Tag><Tag> бедность</Tag><Tag> в Беларуси</Tag><Tag> нищета</Tag><Tag> заработки</Tag><Tag> зарплаты</Tag><Tag> деньги</Tag><Tag> Мясникович</Tag><Tag> ЕС</Tag><Tag> на запад</Tag><Tag> на работу</Tag><Tag> деревня</Tag><Tag> веска</Tag><Tag> суд</Tag><Tag> менты</Tag><Tag> день святого валентина</Tag></Tags><Details><Emotions><Emotion type="like" count="405"/><Emotion type="dislike" count="14"/></Emotions><Views count="12327"/><Comments count="92"><Comment><Username>LifeHackTrip</Username><UserID>UCADiDTVcAkApK-YgcchuGcQ</UserID><Text>Алкаши самоликвидируются... родители сами виноваты что остались жить в этом бардаке-вот и спились</Text></Comment><Comment><Username>Владимир Бвкунович</Username><UserID>UCvdHY8_9moRlowBeoAs6FDA</UserID><Text>Сочувствую мужу погибшей жены!! 
Только им как всегда все сойдет с рук!.. Ничего не поменяется, все было и будет, как оно есть... 
Скоро дойдет до гражданской войны..</Text><Comments count="1"><Comment><Username>Djon Rembo</Username><UserID>UCARTBhxNV52U0fpZTjWwJyg</UserID><Text>Поэтому лучше топором по этим соповцам , чем в петлю.</Text></Comment></Comments></Comment><Comment><Username>Олег за правду</Username><UserID>UCKAleld8o9tVVjpBj6adORA</UserID><Text>Если бы попытались,забрать моего ребёнка я бы ответил не по закону,хоть и добрый я и закон для меня не пустое слово,но если против закона службы гнетут получите!</Text></Comment><Comment><Username>Прасковья Череп</Username><UserID>UCkZYiE194Ls97Hnzsenc_EQ</UserID><Text>Эта депутатская шваль получают бюджетные  квартиры и заселяют своих деток по всему Минску. .
Чинуши, как жарко-эксминистр Здравоохранения  по 2 особняка в  Дроздах напилили на коррупции, а их подстилки на местах за тёплые местечки в соц и территориалке, остервенелые минты и следаки в петлю загоняют матерей, без страха наказания...
Царь далеко, а эти живут рядом и мало, что цинично гадят в душу, так уже убивают...
Пусть лука в Дроздах построит акоммуляторный..
Сам оградил сына от матери и  у других детей отбирать начал матерей. 
Отстранить от власти палачей!!.
Все  как один на выборах голосовать против убийц детей и матерей.!!
Дышать  эти обнаглевшие недоумки у власти уже не дают-травят отходами  заводов и  городских очистных сооружений, не то что жить.
Рыба дохнет тоннами, детей сиротят..
Импичменд лукашенко и его банде!!</Text></Comment><Comment><Username>Romano Drom</Username><UserID>UCm41ZlNg4zYggcPGyuz37XQ</UserID><Text>Будет проклята власть Лукаша.</Text><Comments count="6"><Comment><Username>Александр Кеврин</Username><UserID>UCDKkcyZqftI1ZvmcCFTOEtw</UserID><Text>на чём эта власть держалась</Text></Comment><Comment><Username>Горельский Лорд</Username><UserID>UCnmhnPaXy2d0X_PRYp2Zj6w</UserID><Text>Вовеки!!!!!</Text></Comment><Comment><Username>Артём Цветков</Username><UserID>UCYkyxKxIExP4BiPYrhUjzhQ</UserID><Text>Уже собираю документы.  Тут делать нехер!</Text></Comment><Comment><Username>Люба К</Username><UserID>UCQ-J2p6T_gdW7UXjlKyAlxg</UserID><Text>Какая дискриминация? Нигде не работают, дети школу не заканчивают, профессии не получают. Только детей рожают вне законного брака, чтобы пособия получать, как матери одиночки. Потихоньку и к ним подбираются, но не так жёстко, как к местным жителям.</Text></Comment><Comment><Username>Елена Миранович</Username><UserID>UCJn7im2nAO_up7qPZUsNBFQ</UserID><Text>Romano Drom Правильно  пусть. валят  отсюда  не. хватало  добра  таково</Text></Comment><Comment><Username>evgeny last</Username><UserID>UCiCr6AOr_xPls5oLrRcDtkw</UserID><Text>Почему все? Не все.</Text></Comment></Comments></Comment><Comment><Username>Горельский Лорд</Username><UserID>UCnmhnPaXy2d0X_PRYp2Zj6w</UserID><Text>ЭТО произошло в микрорайоне Шабаны в среду вечером и тишина!!! Девочка пятиклассница. Во жизнь!!!</Text></Comment><Comment><Username>Горельский Лорд</Username><UserID>UCnmhnPaXy2d0X_PRYp2Zj6w</UserID><Text>И снова ТРАГЕДИЯ!!! 13 февраля ученица 5 класса бросилась вниз и разбилась с многоэтажки  в г.Минск. СТРАНА ДЛЯ ЛЮДЕЙ! А что дальше беларусы.</Text></Comment><Comment><Username>Арбуз Солигорск</Username><UserID>UCp49YKjxGdRrw-2RfEnkr4Q</UserID><Text>Чаще надо снимать такой контент!!! Людей из деревень и простой сельский народ. Людям есть что сказать!</Text></Comment><Comment><Username>Hanna Famichova</Username><UserID>UCvD_8X-toNwMbWZ-_CfTHaw</UserID><Text>Плохие новости: Польша отказалась от поддержки Хартии после "тихого" визита Мясниковича, Лукашенку заставили отказаться от поездки в Мюнхен.... Не с проста это всё</Text></Comment><Comment><Username>анила дегтярева</Username><UserID>UCuZa0_FKo2kptSc_0q-4Q8Q</UserID><Text>Господи,бедные люди,какой беспредел....</Text></Comment><Comment><Username>Виктор Сокол</Username><UserID>UC8gm10_vjQHihu_gA9ySbPQ</UserID><Text>Власть уебаны</Text></Comment><Comment><Username>Elena Puzyna</Username><UserID>UC3KKcK6t7xjcuw7LEybxggw</UserID><Text>Хотелось бы узнать,а чем помогла эта, так называемая,социальная защита населения,многодетной семье.Они только ходят и проверяют,ради того,чтобы показать свою работу.Считаю,что эти работники соцзащиты,которые довели многодетной мать до висельницы,должны быть уволены.</Text></Comment><Comment><Username>Юра Крепский</Username><UserID>UCET1m4L79y9lJRT2zbZ1TUQ</UserID><Text>Это дикий ужас  
Это не жизнь убийцы что делаете? Если все так  и есть все равно у мужика жизни нет и не будет точно так же пошёл и удавил око за око эти суки по другому не поймут . люди   мужики сколько это будет продолжаться пора их остановить</Text></Comment><Comment><Username>Аркадий Гончар</Username><UserID>UCfRxab1o4ZQhUQ_lh_6rrfQ</UserID><Text>Вот первые плоды декрета#18Усатого долбаеба.Помощи от государства никакой одни поборы.Фашистское государство!Потому как у Хитрозачесаного  кумир -Гитлер!</Text></Comment><Comment><Username>LifeHackTrip</Username><UserID>UCADiDTVcAkApK-YgcchuGcQ</UserID><Text>Колхозы это дно, это знали ещё в совке, а до агл так и не дошло, что за тормоз</Text></Comment><Comment><Username>Лариса Новик</Username><UserID>UCAVTmz39Fik9qA4R7xua5bg</UserID><Text>Зачем так людей с грязью мешать, что они бухают. Такое хозяйство держат.</Text></Comment><Comment><Username>Huan Carlos</Username><UserID>UCTQkGGUXVuFd34H1G6wn7tw</UserID><Text>Твари мерзские довели людей</Text></Comment><Comment><Username>Дмитрий Женевский</Username><UserID>UCgWeIwM8Xl7ImxL1C6rTjIA</UserID><Text>БЕЛСАТ ОТКУДА ВЫ БЕРЕТЕ ТАКИХ ПРАТИВНЫХ  ВЕДУЩИХ С  ОТТАЛКИВАЮЩЕЙ ВНЕШНОСТЬЮ.БЕЛСАТ РУПАР ГОСДЕПА С Ш А !</Text></Comment><Comment><Username>Frankyy Milkyy</Username><UserID>UCdlzI2wUwo7eVMUd4taTtDg</UserID><Text>А Шуневич в своём репертуаре. Саня по сравнению с ним за умного идёт.</Text></Comment><Comment><Username>Sergei Pupkin</Username><UserID>UCRCVyeySdeAJ_JIhYDy7mpg</UserID><Text>Очень скоро таких деректорш школ начнут вешать,очень скоро. Не знают эти люди жалости и сострадания к людям и детям. Остаётся пожелать ей мнгновенной кармы. И ювенальщикам гореть в аду ,за их такую заботу о детях.</Text><Comments count="1"><Comment><Username>Александр Кеврин</Username><UserID>UCDKkcyZqftI1ZvmcCFTOEtw</UserID><Text>кто начнёт? памяркоуныя сцерпяць усё .абы не было вайны .а сапог и зад целовать и вылизывать половые органы могут они умело.</Text></Comment></Comments></Comment><Comment><Username>Роман Романов</Username><UserID>UCpf27ZlgVoN8UGo2Udn8bwQ</UserID><Text>Я соболезную, это не реально слушать!  Добили всех до ручки, эти женщины уже не выглядят как женщины!</Text></Comment><Comment><Username>Прасковья Череп</Username><UserID>UCkZYiE194Ls97Hnzsenc_EQ</UserID><Text>Нет слов. ...Осиротили детей твари..
Сколько будем терпеть  этот беспредел оголтелого ворья?</Text></Comment><Comment><Username>Slava Puhach</Username><UserID>UCNiOLtobrlbp5DXC8XLmTVQ</UserID><Text>Тым часам былы старшыня саўгаса катаецца за наш кошт са сваім колям і світай у сочы з горак. Гэтая пачварына нават спачуванне не выказала ні гэтым сем&amp;apos;ям ні сем&amp;apos;яў загінулых у Стоўбцах! Не да таго ёй! Прадае нашу краіну кадэбэшнаму хазяіну.</Text></Comment><Comment><Username>Дмитрий Шитик</Username><UserID>UCXotqQJmJWeGq0u9hdTruVA</UserID><Text>Надо мужика поддержать,собрать по пару рублей,это же не сложно</Text></Comment><Comment><Username>Марина Науменко</Username><UserID>UCKJ3g-TOtw1O__UzAq_NC6Q</UserID><Text>&#xd83d;&#xdd1d;&#xd83d;&#xdd1d;&#xd83d;&#xdd1d;</Text></Comment><Comment><Username>Дарья Белкина</Username><UserID>UCGFif_ttzrSYaIdLlf6STuw</UserID><Text>Из-за жирных гондонов у власти страдают простые люди. Я плачу.</Text></Comment><Comment><Username>Romano Drom</Username><UserID>UCm41ZlNg4zYggcPGyuz37XQ</UserID><Text>Бегите с этой страны</Text><Comments count="6"><Comment><Username>Александр Кеврин</Username><UserID>UCDKkcyZqftI1ZvmcCFTOEtw</UserID><Text>на чём эта власть держалась</Text></Comment><Comment><Username>Горельский Лорд</Username><UserID>UCnmhnPaXy2d0X_PRYp2Zj6w</UserID><Text>Вовеки!!!!!</Text></Comment><Comment><Username>Артём Цветков</Username><UserID>UCYkyxKxIExP4BiPYrhUjzhQ</UserID><Text>Уже собираю документы.  Тут делать нехер!</Text></Comment><Comment><Username>Люба К</Username><UserID>UCQ-J2p6T_gdW7UXjlKyAlxg</UserID><Text>Какая дискриминация? Нигде не работают, дети школу не заканчивают, профессии не получают. Только детей рожают вне законного брака, чтобы пособия получать, как матери одиночки. Потихоньку и к ним подбираются, но не так жёстко, как к местным жителям.</Text></Comment><Comment><Username>Елена Миранович</Username><UserID>UCJn7im2nAO_up7qPZUsNBFQ</UserID><Text>Romano Drom Правильно  пусть. валят  отсюда  не. хватало  добра  таково</Text></Comment><Comment><Username>evgeny last</Username><UserID>UCiCr6AOr_xPls5oLrRcDtkw</UserID><Text>Почему все? Не все.</Text></Comment></Comments></Comment><Comment><Username>Christoph Bone</Username><UserID>UCS2A6aocVGAvqtUoIk5iiqA</UserID><Text>Raszka + Bedarus == dwe bedy</Text></Comment><Comment><Username>Андрей Андреюк</Username><UserID>UCtyBN-D8Tijz277oIlBJ81w</UserID><Text>Проснись дедушка Сталин.
И растреляй этих фашистов !!!</Text></Comment><Comment><Username>Татьяна Teslenko</Username><UserID>UCkrjlIb5aRyVc4qo-d8diZw</UserID><Text>Ужас.. За первые десять дней февраля 2 самоубийства.... Власти одумайтесь, что же вы делаете. Надо помогать, а не загонять в петлю. Один а Польше отдыхает, а другой на лыжах.... Жизнь у них удалась... А детки... Как же им жить в таком государстве</Text></Comment><Comment><Username>Татьяна Teslenko</Username><UserID>UCkrjlIb5aRyVc4qo-d8diZw</UserID><Text>Соболезнования родным и близким....А деткам и мужу - боль и тоска со временем пройдёт.,но вы должны быть вместе, вы-семья. Только в месте Вы сила и сможете пройти трудности... ДАЙ бог вам силы и терпения.</Text></Comment><Comment><Username>МУЛЬТИ STORY</Username><UserID>UCy5v33yYvZzlJvh0bmsdmyQ</UserID><Text>ПРОСТО ТВАРИ. ПРОКЛИНАТЬ И ИХ И ИХНИХ БЛИЗКИХ!</Text></Comment><Comment><Username>Adam Radziwill</Username><UserID>UCn0bXiPuW18NInbhDucM8NQ</UserID><Text>Беларусь будет всегда а от расеи скоро останется только масква и ленинград</Text></Comment><Comment><Username>БЕЛСАТ NEWS</Username><UserID>UCRokSp8CGOuQO4R0F1RxRGg</UserID><Text>Падпішыся на наш канал, каб быць у курсе! https://goo.gl/fe2Lw9</Text><Comments count="96"><Comment><Username>LifeHackTrip</Username><UserID>UCADiDTVcAkApK-YgcchuGcQ</UserID><Text>Алкаши самоликвидируются... родители сами виноваты что остались жить в этом бардаке-вот и спились</Text></Comment><Comment><Username>Владимир Бвкунович</Username><UserID>UCvdHY8_9moRlowBeoAs6FDA</UserID><Text>Сочувствую мужу погибшей жены!! 
Только им как всегда все сойдет с рук!.. Ничего не поменяется, все было и будет, как оно есть... 
Скоро дойдет до гражданской войны..</Text></Comment><Comment><Username>Олег за правду</Username><UserID>UCKAleld8o9tVVjpBj6adORA</UserID><Text>Если бы попытались,забрать моего ребёнка я бы ответил не по закону,хоть и добрый я и закон для меня не пустое слово,но если против закона службы гнетут получите!</Text></Comment><Comment><Username>Прасковья Череп</Username><UserID>UCkZYiE194Ls97Hnzsenc_EQ</UserID><Text>Эта депутатская шваль получают бюджетные  квартиры и заселяют своих деток по всему Минску. .
Чинуши, как жарко-эксминистр Здравоохранения  по 2 особняка в  Дроздах напилили на коррупции, а их подстилки на местах за тёплые местечки в соц и территориалке, остервенелые минты и следаки в петлю загоняют матерей, без страха наказания...
Царь далеко, а эти живут рядом и мало, что цинично гадят в душу, так уже убивают...
Пусть лука в Дроздах построит акоммуляторный..
Сам оградил сына от матери и  у других детей отбирать начал матерей. 
Отстранить от власти палачей!!.
Все  как один на выборах голосовать против убийц детей и матерей.!!
Дышать  эти обнаглевшие недоумки у власти уже не дают-травят отходами  заводов и  городских очистных сооружений, не то что жить.
Рыба дохнет тоннами, детей сиротят..
Импичменд лукашенко и его банде!!</Text></Comment><Comment><Username>Romano Drom</Username><UserID>UCm41ZlNg4zYggcPGyuz37XQ</UserID><Text>Будет проклята власть Лукаша.</Text></Comment><Comment><Username>Горельский Лорд</Username><UserID>UCnmhnPaXy2d0X_PRYp2Zj6w</UserID><Text>ЭТО произошло в микрорайоне Шабаны в среду вечером и тишина!!! Девочка пятиклассница. Во жизнь!!!</Text></Comment><Comment><Username>Горельский Лорд</Username><UserID>UCnmhnPaXy2d0X_PRYp2Zj6w</UserID><Text>И снова ТРАГЕДИЯ!!! 13 февраля ученица 5 класса бросилась вниз и разбилась с многоэтажки  в г.Минск. СТРАНА ДЛЯ ЛЮДЕЙ! А что дальше беларусы.</Text></Comment><Comment><Username>Арбуз Солигорск</Username><UserID>UCp49YKjxGdRrw-2RfEnkr4Q</UserID><Text>Чаще надо снимать такой контент!!! Людей из деревень и простой сельский народ. Людям есть что сказать!</Text></Comment><Comment><Username>Hanna Famichova</Username><UserID>UCvD_8X-toNwMbWZ-_CfTHaw</UserID><Text>Плохие новости: Польша отказалась от поддержки Хартии после "тихого" визита Мясниковича, Лукашенку заставили отказаться от поездки в Мюнхен.... Не с проста это всё</Text></Comment><Comment><Username>анила дегтярева</Username><UserID>UCuZa0_FKo2kptSc_0q-4Q8Q</UserID><Text>Господи,бедные люди,какой беспредел....</Text></Comment><Comment><Username>Ася Лебедева</Username><UserID>UCf-3JjO5AJStRuTtJM15C2A</UserID><Text>БЕЛСАТ NEWS Где фамилии подонков ,которые постоянно угрожали матери?! Покажите ВСЕМ эти ебальники!!!!!!!!!! Это уголовное дело!</Text></Comment><Comment><Username>Виктор Сокол</Username><UserID>UC8gm10_vjQHihu_gA9ySbPQ</UserID><Text>Власть уебаны</Text></Comment><Comment><Username>Elena Puzyna</Username><UserID>UC3KKcK6t7xjcuw7LEybxggw</UserID><Text>Хотелось бы узнать,а чем помогла эта, так называемая,социальная защита населения,многодетной семье.Они только ходят и проверяют,ради того,чтобы показать свою работу.Считаю,что эти работники соцзащиты,которые довели многодетной мать до висельницы,должны быть уволены.</Text></Comment><Comment><Username>Юра Крепский</Username><UserID>UCET1m4L79y9lJRT2zbZ1TUQ</UserID><Text>Это дикий ужас  
Это не жизнь убийцы что делаете? Если все так  и есть все равно у мужика жизни нет и не будет точно так же пошёл и удавил око за око эти суки по другому не поймут . люди   мужики сколько это будет продолжаться пора их остановить</Text></Comment><Comment><Username>Аркадий Гончар</Username><UserID>UCfRxab1o4ZQhUQ_lh_6rrfQ</UserID><Text>Вот первые плоды декрета#18Усатого долбаеба.Помощи от государства никакой одни поборы.Фашистское государство!Потому как у Хитрозачесаного  кумир -Гитлер!</Text></Comment><Comment><Username>LifeHackTrip</Username><UserID>UCADiDTVcAkApK-YgcchuGcQ</UserID><Text>Колхозы это дно, это знали ещё в совке, а до агл так и не дошло, что за тормоз</Text></Comment><Comment><Username>Лариса Новик</Username><UserID>UCAVTmz39Fik9qA4R7xua5bg</UserID><Text>Зачем так людей с грязью мешать, что они бухают. Такое хозяйство держат.</Text></Comment><Comment><Username>Huan Carlos</Username><UserID>UCTQkGGUXVuFd34H1G6wn7tw</UserID><Text>Твари мерзские довели людей</Text></Comment><Comment><Username>Дмитрий Женевский</Username><UserID>UCgWeIwM8Xl7ImxL1C6rTjIA</UserID><Text>БЕЛСАТ ОТКУДА ВЫ БЕРЕТЕ ТАКИХ ПРАТИВНЫХ  ВЕДУЩИХ С  ОТТАЛКИВАЮЩЕЙ ВНЕШНОСТЬЮ.БЕЛСАТ РУПАР ГОСДЕПА С Ш А !</Text></Comment><Comment><Username>Frankyy Milkyy</Username><UserID>UCdlzI2wUwo7eVMUd4taTtDg</UserID><Text>А Шуневич в своём репертуаре. Саня по сравнению с ним за умного идёт.</Text></Comment><Comment><Username>Sergei Pupkin</Username><UserID>UCRCVyeySdeAJ_JIhYDy7mpg</UserID><Text>Очень скоро таких деректорш школ начнут вешать,очень скоро. Не знают эти люди жалости и сострадания к людям и детям. Остаётся пожелать ей мнгновенной кармы. И ювенальщикам гореть в аду ,за их такую заботу о детях.</Text></Comment><Comment><Username>Роман Романов</Username><UserID>UCpf27ZlgVoN8UGo2Udn8bwQ</UserID><Text>Я соболезную, это не реально слушать!  Добили всех до ручки, эти женщины уже не выглядят как женщины!</Text></Comment><Comment><Username>Прасковья Череп</Username><UserID>UCkZYiE194Ls97Hnzsenc_EQ</UserID><Text>Нет слов. ...Осиротили детей твари..
Сколько будем терпеть  этот беспредел оголтелого ворья?</Text></Comment><Comment><Username>Slava Puhach</Username><UserID>UCNiOLtobrlbp5DXC8XLmTVQ</UserID><Text>Тым часам былы старшыня саўгаса катаецца за наш кошт са сваім колям і світай у сочы з горак. Гэтая пачварына нават спачуванне не выказала ні гэтым сем&amp;apos;ям ні сем&amp;apos;яў загінулых у Стоўбцах! Не да таго ёй! Прадае нашу краіну кадэбэшнаму хазяіну.</Text></Comment><Comment><Username>Дмитрий Шитик</Username><UserID>UCXotqQJmJWeGq0u9hdTruVA</UserID><Text>Надо мужика поддержать,собрать по пару рублей,это же не сложно</Text></Comment><Comment><Username>Марина Науменко</Username><UserID>UCKJ3g-TOtw1O__UzAq_NC6Q</UserID><Text>&#xd83d;&#xdd1d;&#xd83d;&#xdd1d;&#xd83d;&#xdd1d;</Text></Comment><Comment><Username>Дарья Белкина</Username><UserID>UCGFif_ttzrSYaIdLlf6STuw</UserID><Text>Из-за жирных гондонов у власти страдают простые люди. Я плачу.</Text></Comment><Comment><Username>Romano Drom</Username><UserID>UCm41ZlNg4zYggcPGyuz37XQ</UserID><Text>Бегите с этой страны</Text></Comment><Comment><Username>Christoph Bone</Username><UserID>UCS2A6aocVGAvqtUoIk5iiqA</UserID><Text>Raszka + Bedarus == dwe bedy</Text></Comment><Comment><Username>Андрей Андреюк</Username><UserID>UCtyBN-D8Tijz277oIlBJ81w</UserID><Text>Проснись дедушка Сталин.
И растреляй этих фашистов !!!</Text></Comment><Comment><Username>Татьяна Teslenko</Username><UserID>UCkrjlIb5aRyVc4qo-d8diZw</UserID><Text>Ужас.. За первые десять дней февраля 2 самоубийства.... Власти одумайтесь, что же вы делаете. Надо помогать, а не загонять в петлю. Один а Польше отдыхает, а другой на лыжах.... Жизнь у них удалась... А детки... Как же им жить в таком государстве</Text></Comment><Comment><Username>Татьяна Teslenko</Username><UserID>UCkrjlIb5aRyVc4qo-d8diZw</UserID><Text>Соболезнования родным и близким....А деткам и мужу - боль и тоска со временем пройдёт.,но вы должны быть вместе, вы-семья. Только в месте Вы сила и сможете пройти трудности... ДАЙ бог вам силы и терпения.</Text></Comment><Comment><Username>МУЛЬТИ STORY</Username><UserID>UCy5v33yYvZzlJvh0bmsdmyQ</UserID><Text>ПРОСТО ТВАРИ. ПРОКЛИНАТЬ И ИХ И ИХНИХ БЛИЗКИХ!</Text></Comment><Comment><Username>Adam Radziwill</Username><UserID>UCn0bXiPuW18NInbhDucM8NQ</UserID><Text>Беларусь будет всегда а от расеи скоро останется только масква и ленинград</Text></Comment><Comment><Username>БЕЛСАТ NEWS</Username><UserID>UCRokSp8CGOuQO4R0F1RxRGg</UserID><Text>Падпішыся на наш канал, каб быць у курсе! https://goo.gl/fe2Lw9</Text></Comment><Comment><Username>Сергей Иванов</Username><UserID>UC2opZsXUH1lGT89On_JDyBQ</UserID><Text>Белсат суки снимайте про то как живут жирные коты чиновники, этих бичей алкашей, нищебродов я вижу каждый день, я сам такой, суки вы продажные, продались за злоты, горите в огне твари</Text></Comment><Comment><Username>Рома Красницкая</Username><UserID>UCiOqclJuncipfOWZQRyD3tg</UserID><Text>Виновата власть от грязи никто никто не памер Але была защита бацьки никто не насилавау як у прыюце там хай гляделаб апека пажарныя деректары</Text></Comment><Comment><Username>Slava Puhach</Username><UserID>UCNiOLtobrlbp5DXC8XLmTVQ</UserID><Text>+Сергей Иванов А колькі разоў за апошні год ты выйшаў на плошчу, каб уголас гэта сказать уладзе? Яна ж павінна абаранять інтарэсы усіх жыхароў Беларусі! Журналісты Белсату кожны дзень рызыкуюць здароўем і нават жыццем, здымаючы для нас і ўсяго свету праўду. Што ты ўвогуле зрабіу карыснага для Беларусі? Можа ты хоць распачаў нашу мову вывучаць нарешце?</Text></Comment><Comment><Username>Николай Николай</Username><UserID>UCOm_XozvIDv3TmIJEBJfvCw</UserID><Text>Мясникович опять с бодуна.</Text></Comment><Comment><Username>Рома Блек</Username><UserID>UCxai75h5sKmF_Hg-anZzRuA</UserID><Text>Это твари а не соп они ещё лишнего приписываю, на одну так же хрени понаписвали</Text></Comment><Comment><Username>Олег Казнадей</Username><UserID>UCsiPle4qcHijQd8TeCtgnvw</UserID><Text>На Беларусi пануе пачварная антынародная, антыбеларуская улада,праклён на iх галовы !</Text></Comment><Comment><Username>Тамара Исмаилова</Username><UserID>UCwafW5PEKgf44XNPjuETwlw</UserID><Text>Зарплата - 350 руб. А за детей в  приюте  - обязан платить 800 руб. 
Если бы сам сдал. - заберите.
Но вы забрали - ну, и за ваш счёт!!!!</Text></Comment><Comment><Username>IPN. TV.</Username><UserID>UC-r4lMZGG4boYFxQtDxBAqQ</UserID><Text>"Историк", "экономист", "спортсмен"........, только за что не возьмётся, всё медным тазом накрывается. Полностью бесполезный и несостоятельный во всех направлениях, а трёп и враньё, вот тут он на коне.</Text></Comment><Comment><Username>Denis Xxx</Username><UserID>UCPbrLfXUiJ93XKGlXBTN2Xw</UserID><Text>Беларусь страна маразма- Если ты маразматик приезжай жить в Беларусь.Беларусь- страна для жизни....</Text></Comment><Comment><Username>Анд Кор</Username><UserID>UCon0rHa4FSpH1k-qVNi4Quw</UserID><Text>Тройкі ў кажанах! Можа і наганы не зарэгістраваныя у кішэні есць? Недзе я гэта бачыў?! Згадзіцеся гэтыя мянты на бандытаў падобныя! Потым скардзяцца што іх парэзалі.</Text></Comment><Comment><Username>Раста147 Укр</Username><UserID>UCKE-aNbTIjHajAhJdNx_HTg</UserID><Text>Жах. Ті "соцпрацівники" взагалі люди?  Знівечили долю   дітей та їх батька. Відібрали життя у пані.</Text></Comment><Comment><Username>Frankyy Milkyy</Username><UserID>UCdlzI2wUwo7eVMUd4taTtDg</UserID><Text>У меня тоже есть такой знакомый, который покончил с собой, когда забрали ребёнка.</Text></Comment><Comment><Username>Марина Науменко</Username><UserID>UCKJ3g-TOtw1O__UzAq_NC6Q</UserID><Text>++++++</Text></Comment><Comment><Username>Vitaliy Obodenko</Username><UserID>UCJrKmqGMT1r83xb6DYNZ1zA</UserID><Text>Когда эта твар уже нажрется, а когда дети закончатся Что будут отбирать</Text></Comment><Comment><Username>Марина Науменко</Username><UserID>UCKJ3g-TOtw1O__UzAq_NC6Q</UserID><Text>++++</Text></Comment><Comment><Username>Вова Вело</Username><UserID>UC2avHWU3A2JoysZGZptEl7w</UserID><Text>У нас уже проверяющих органов больше чем нормальных людей</Text></Comment><Comment><Username>Виктор Пашкевич</Username><UserID>UC146oB7vz_6Pq-pXzXcH6WA</UserID><Text>Без мата невозможно смотреть! Сочувствую мужику! Ещё уроды больше в долги загоняют! 800 р/месяц при зарплате 350? Или я неправильно услышал? Зашибись! Краина для жыцця уебанцев чиновников!</Text></Comment><Comment><Username>Лисица Цой</Username><UserID>UCnjnvyWEOipInip-NYgTYcw</UserID><Text>Правильно женщина сказала (3:16). Согласна! А эта смерть на тех, кто инициировал эту постановку на учет!</Text></Comment><Comment><Username>Анна Михайловна</Username><UserID>UCM9eE_RwrzITN8Ul0QkZ9Qw</UserID><Text>Господи как зто страшно!!!Примите саболезнования,ведь маму никто не заменит</Text></Comment><Comment><Username>сергей валентинович</Username><UserID>UCjU6lxigzu-RiRcu7euXWmw</UserID><Text>Главная надежда Белорусов,это луку на кол!И всю его семью тоже на кол!</Text></Comment><Comment><Username>Romano Drom</Username><UserID>UCm41ZlNg4zYggcPGyuz37XQ</UserID><Text>Из за дискриминации все цыгане уехали в Европу. Беларусь стала фашистской.</Text></Comment><Comment><Username>ZOHAN Z</Username><UserID>UCY7aXS8KNZAY3dieVr5zYMA</UserID><Text>Белссат,смотрю вас часто,но вы начинаете на прегать своей руссофобией. Типо невзначай .</Text></Comment><Comment><Username>евгений</Username><UserID>UCl4E0wSukJ6ZDZaHVj2leKQ</UserID><Text>мужчыну шкада, i дзяцей,i жонку  адабралi.Плацiць нi хочуць,але патрабуюць быццам людзi грошы штампуюць,камуналку заплацi, за дзiцячы сад заплацi, у школу на штодзенныя паборы занясi, адзень i накармi дзяцей, i усе гэта за 450р у месяц дык тут амаль  кожнага трэба СОП ставиць</Text></Comment><Comment><Username>Ирина</Username><UserID>UCK6hnxvh5odqoo4ZD-Mpu_g</UserID><Text>Петля - это не выход из положения!!!! Прежде чем это сделать, ЖЕНЩИНЫ-подумайте!!! Что бедет с вашими детьми????!!!!! Вы то,, спокойно,, будете лежать,  А дети ваши кому нужны будут?????!!! каково им?????!!!! Как им дальше жить????!!!! Кто им поможет????!!!! Кто выслушает???? пожалеет,???

Живёт многодетная семья, ну есть проблемы-помогите!!!! 
Да вроде бы помогли-дали квартиру! 
А вы спросите "" они хотят в неё идти????!!!! &amp;apos;&amp;apos; 
1.Почему вы всех гоните в эти цементные,, гробы,,??? 
2.Люди держать скотину, огород, свой сад-это  огромный плюс в семью. Почему они должны это бросить и пойти с  300-400 руб. з/п.жить в квартиру, где этих денег будет хватать только на коммунальные. ( и то это они в деревне живши, на ферме работавши с утра до вечера получали эти деньги. А в городе какую работу им дадут???? Или они будут ездить в эту деревню работать???? Это ещё минус времени матери на дела домашние и детей!!!!!) 
Почему нельзя, взять и построить им дом, там где они живут,, если их дом не пригодны к проживанию или отремонтировать ???!!!! Думаю стоимость дома не привысила бы стоимости квартиры которую им дали,да ещё бы и на мебель и  одежду детям осталось бы. 
И таких семей между прочим очень много........</Text></Comment><Comment><Username>Виктор Виктор</Username><UserID>UC4V2h6cz2WwBm_pbY417_cg</UserID><Text>Кабздец,  чым далей,тым  ...выйсця няма....яма..моладзь,пара у канаду..</Text></Comment><Comment><Username>галина ивановна невинская</Username><UserID>UCqEfZryJyGf9T-EK9qldrYQ</UserID><Text>СУКИ  КОРЫТНЫЕ.  ВМЕСТО ТОГО, ЧТОБ  ПОМОЧЬ КОПЕЙКОЙ,  ЗАБИРАЮТ ДЕТЕЙ--ПРО  ОЧЕРЕДНОЕ САМОУБИЙСТВО.</Text></Comment><Comment><Username>Виктор Звягинцев</Username><UserID>UCBfEwLTbzIclpSSxyDKUgRQ</UserID><Text>Лукашисты хуже фашистов ничего удивительного вот вилы загнали бы тогда не приходили  детей забирать может другие задумались как так белорусы действительно наверно народец</Text></Comment><Comment><Username>Прасковья Череп</Username><UserID>UCkZYiE194Ls97Hnzsenc_EQ</UserID><Text>Мужик будет платить ещё за пребывание ребёнка в интернате.
Вместо того, чтобы купить мебель детям эти твари морально убивают детей, а отца в кабалу загнали, что и детей не отдадут обратно.
Власть плешивых маразматичных старцев не только не справляется с   руководством страной , но не соответствуя гнобит население  карательными фашистскими методами, в том числе и  журналистов .</Text></Comment><Comment><Username>Selvestor Vivat</Username><UserID>UCFdEDT4f2ZPaIt1M32d37YQ</UserID><Text>Белсату пара пераходзіць на інтэрнеэт вясчанне ў прамым эфіры.</Text></Comment><Comment><Username>александр зайцев</Username><UserID>UCjxpB3UP-PAL5PtCh-6VE0g</UserID><Text>На бязглуздую паказуху, па усёй краине ёсьць грошы а на сямью и дзяцей няма! Сабаки, падхалимы улады не народнай!</Text></Comment><Comment><Username>Антон Мезин</Username><UserID>UCPYaY2s07vBJNRvi3knUylg</UserID><Text>Будь проклята система,уроды</Text></Comment><Comment><Username>Томара Симакова</Username><UserID>UCPtPKUhYm39rWGhwxxRSmpg</UserID><Text>Ох уж эти дырэктарки ....</Text></Comment><Comment><Username>404 Not Found</Username><UserID>UC_t_wsE4YQA-ZJPeL05Sr0Q</UserID><Text>запоминайте,всех запоминайте и не забывайте...</Text></Comment><Comment><Username>Светлана Янушкевич</Username><UserID>UC3Vf7XeLdtjB9LZfgzvYf1Q</UserID><Text>С себя бы так спрашивали,как с этой матери -трудяги.Мои соболезнования родным.</Text></Comment><Comment><Username>Ольга кошка</Username><UserID>UCRKR6vWnbtRsqH5ayJVs7Gw</UserID><Text>А помочь государство семьям не пробовало!!!!!!  Рожайте , многодетные семьи -- это круто!!!!! Лицемерие одно!!! Самолеты покупать деньги есть, а детям помочь , денег нет!!! Бог всё видит, ответят те , кто  загнал мать в петлю</Text></Comment><Comment><Username>Кирилл Гарастюк</Username><UserID>UC-0mngv85qQJ6lRxqqYhJuA</UserID><Text>Давно пора вырезать все государственные структуры, которые подчиняются президенту, твари и сказать больше нечего</Text></Comment><Comment><Username>Galina Averyanova</Username><UserID>UC_46pD433ezWPZO_w8EjPqA</UserID><Text>Это кошмар,невозможно слушать такие новости.Нет слов,хочется по-другому выразиться.Очень жалко женщину и детей.Хочется только пожелать,чтобы наши власти научились правильно пользоваться и использовать свои возможности,а не унижать людей.В чем виновата семья?!В том,что не хватает денег на еду в первую очередь?А как мы росли в свое время?Нас мама тоже растила одна двоих и в новых пальтишках или вещах мы не ходили,а передавалось от двоюродных сестер.Так что,за это детей забирать?!.У многих сейчас людей не хватает терпения и вот такой исход имеем.Вот такое поведение и правила мы быстро почемуто переняли с Запада,очень жаль.</Text></Comment><Comment><Username>Vera Niakhai</Username><UserID>UC5gRXFDSlhYKfVuRrhftrnQ</UserID><Text>Пособие с 3 до 18 лет отменено в 2013 ,многодетные мамы вынуждены работать ,поэтому мама при всем желании не может идеально все сделать.</Text></Comment><Comment><Username>Вова Вело</Username><UserID>UC2avHWU3A2JoysZGZptEl7w</UserID><Text>+</Text></Comment><Comment><Username>Читаем Законы</Username><UserID>UC5xkr3HO50RjvL-D4kMnpbQ</UserID><Text>Лукашэнка прытрымай сваех псоў.</Text></Comment><Comment><Username>Василий Васильевич</Username><UserID>UCtefG5PlBsT0m2xbv3xMbaA</UserID><Text>До чего же они охренели.. И никто не понесет ответственности.</Text></Comment><Comment><Username>Мотылёк</Username><UserID>UC8FxRGHZHM7OqcNKhuisb_w</UserID><Text>Адсполком.</Text></Comment><Comment><Username>Просто Картуз</Username><UserID>UCGcyGOgySlJ_dyH1EUeN83Q</UserID><Text>Надо проговорить о тех чиновницах-падлах,которые эту *беду* сознательно сотворили .......</Text></Comment><Comment><Username>Adam Radziwill</Username><UserID>UCn0bXiPuW18NInbhDucM8NQ</UserID><Text>Сегодня Россия занимает первое место в мире: ■ по уровню умышленных убийств; ■ по числу курящих детей и подростков; ■ по числу взяток при поступлении в вузы; ■ по темпам роста табакокурения; ■ по аварийности на дорогах; ■ по смертности от самоубийств среди подростков 15-19 лет; ■ по абсолютной величине убыли населения; ■ по количеству самоубийств среди пожилых людей; ■ по числу разводов и количеству детей, рожденных вне брака; ■ по числу детей, брошенных родителями; ■ по смертности от заболеваний сердечно-сосудистой системы; ■ по числу пациентов с заболеваниями психики; ■ по объемам торговли людьми; ■ по количеству абортов и материнской смертности; ■ по объёму потребления героина; ■ по потреблению спирта и спиртосодержащей продукции; ■ по продажам крепкого алкоголя; ■ по темпам прироста ВИЧ-инфицированных; ■ по количеству авиакатастроф (в 13 раз больше среднемирового уровня); ■ по числу миллиардеров, преследуемых правоохранительными органами; ■ по количеству ДТП; откуда там быть росту?</Text></Comment><Comment><Username>Анд Кор</Username><UserID>UCon0rHa4FSpH1k-qVNi4Quw</UserID><Text>Мужык не сдавайся! Живи ради детей! А уебкам воздастся!</Text></Comment><Comment><Username>Мнение\ Ситуация на Районе</Username><UserID>UCOl6b3sYDwfm4_aBcjlZGKA</UserID><Text>Президент говорит: рожайте, поможем. В глубинке дело не хитрое (президент же сказал) нарожали, помощи нет. Детей отбирают, людей довили до нищеты, ничего не сделали для того, чтобы ситуация изменилась и делать не хотят. Постоянно говорят о средней зарплате, а реальная такая, что детей нечем кормить. Всё у чиновников хорошо у них зарплата 3189, на селе 250. 
Загляните на мой канал, там есть мысли, на которые можно посмотреть. Оцените канал. Поделитесь своими отзывами о канале. Подпишитесь.</Text></Comment><Comment><Username>Игорь Борщов</Username><UserID>UCzPEhnwWM6tH7b8F5LA_oWw</UserID><Text>Как декрет 18 распространяется на цыганские семьи, что за неприкасаемые???   Нигде не работают, все многодетные и никакие комиссии к ним не ходят, детей не изымают.</Text></Comment><Comment><Username>Алексей Д</Username><UserID>UCcSUbdUT2rcVeU_oNdh5oLg</UserID><Text>Нехуй рожать по 4 ребёнка</Text></Comment><Comment><Username>Эмер Айлс</Username><UserID>UCWaIWbWyVeRB_QtAfp5hRUQ</UserID><Text>Власть дегенератов. Система вырождения.</Text></Comment><Comment><Username>Alena Stupchik</Username><UserID>UCMO3E5MXM_J2YtChBThDaIw</UserID><Text>Ох, ягодки начинаем собирать.
Везде тварье,</Text></Comment><Comment><Username>Дмитрий Женевский</Username><UserID>UCgWeIwM8Xl7ImxL1C6rTjIA</UserID><Text>БЕЛСАТ А ЗАЧЕМ ВЫ,НА СВОЕМ КАНАЛЕ  РЕКЛАМИРУЕТЕ УКРАИНСКИХ БАНДЕРОВЦЕВ КОТОРЫЕ УБИВАЛИ МИРНОЕ НАСЕЛЕНИЕ ДАНБАСА?В ДАНЕЦКЕ ЦЕЛАЯ АЛЕЯ ИЗ МОГИЛ ДЕТЕЙ ПОГИБШИХ ОТ ЭТИХ ВЫРОДКОВ.БОЛЬШЕ СОТНИ ДЕТАК ЛЕЖАТ В МАГИЛАХ А ВЫ РЕКЛАМИРУЕТЕ ПИЦЕРИЮ КОТОРУЮ ОТКРЫЛИ ИХ УБИЙЦЫ!СЬЕЗДИТЕ СУКИ В ДАНЕЦК СДЕЛАЙТЕ РЕПОРТАЖ,ПОКАЖИТЕ ЛЮДЯМ БЕЛАРУСИ ПРАВДУ О ВОЙНЕ.ГРЕБАНЫЙ РУПАР ГОСДЕПА С Ш А !!!</Text></Comment><Comment><Username>Марина Науменко</Username><UserID>UCKJ3g-TOtw1O__UzAq_NC6Q</UserID><Text>+++++</Text></Comment><Comment><Username>Леонид Дергач</Username><UserID>UCGJ5WddfW7NjY2DdeGZwibw</UserID><Text>Твари от власти ,перешли на уничтожение народа, вместо помощи, разруха!</Text></Comment><Comment><Username>Yura Subel</Username><UserID>UCmHLbazjgDRMciqQygs40Jg</UserID><Text>Давайце збяром хоць троху грошай,для чатырох сіротак.БелСат,дапамажы з сазданнем асабістага рахунка для іх.</Text></Comment><Comment><Username>Натали Мороз</Username><UserID>UCQBrNHEVo-iL5HGhHRq-c4w</UserID><Text>Это просто не возможно слушать и смотреть!!!! Власти,  вы вообще понимаете,  что делаете?!!  Уже двух матерей в петлю загнали!!!  Дети же страдают,  вы люди или кто?!!  Как можно так издеваться над детьми!!!</Text></Comment><Comment><Username>Виктор Ковалёв</Username><UserID>UCLcDXzglgjIR9fcSp4uVOVg</UserID><Text>10 тыс. .на ребенка дают ,а сколько забирают.,,бойтесь данайцев дары ,приносящих,,</Text></Comment><Comment><Username>Дмитрий Конополюк</Username><UserID>UCJlYkW6gMJuBNtw34-_MNXw</UserID><Text>4-ры дыза БРСМаўскіх чмошнікаў або гандонаў з пасады лукаша</Text></Comment><Comment><Username>Марина Науменко</Username><UserID>UCKJ3g-TOtw1O__UzAq_NC6Q</UserID><Text>++</Text></Comment><Comment><Username>Витюня Павлович</Username><UserID>UCG_5xaRf_6o1PdzWmcJfz8w</UserID><Text>Первая новость - ниочём! Конченные маргиналы сначала плодятся как крысы под пьяную лавочку, а потом в петлю лезут, когда соц.службы абсолютно правомерно забирают у них детей. Таким родителям-то дети нужны только для пособия, которое сами пропивают!</Text></Comment><Comment><Username>сергей рудский</Username><UserID>UCiB5mLdaRJ6z5A5yJOzGPaw</UserID><Text>лайк пицца</Text></Comment><Comment><Username>Валентина Мазура</Username><UserID>UCWRbnNSo9UJ03kzVRu8Ue6Q</UserID><Text>Под суд, кто напрямую отвечает за такие семьи. Как будут спать наши чиновники? С совестью или без.</Text></Comment></Comments></Comment><Comment><Username>Николай Николай</Username><UserID>UCOm_XozvIDv3TmIJEBJfvCw</UserID><Text>Мясникович опять с бодуна.</Text></Comment><Comment><Username>Рома Блек</Username><UserID>UCxai75h5sKmF_Hg-anZzRuA</UserID><Text>Это твари а не соп они ещё лишнего приписываю, на одну так же хрени понаписвали</Text></Comment><Comment><Username>Олег Казнадей</Username><UserID>UCsiPle4qcHijQd8TeCtgnvw</UserID><Text>На Беларусi пануе пачварная антынародная, антыбеларуская улада,праклён на iх галовы !</Text></Comment><Comment><Username>Тамара Исмаилова</Username><UserID>UCwafW5PEKgf44XNPjuETwlw</UserID><Text>Зарплата - 350 руб. А за детей в  приюте  - обязан платить 800 руб. 
Если бы сам сдал. - заберите.
Но вы забрали - ну, и за ваш счёт!!!!</Text></Comment><Comment><Username>IPN. TV.</Username><UserID>UC-r4lMZGG4boYFxQtDxBAqQ</UserID><Text>"Историк", "экономист", "спортсмен"........, только за что не возьмётся, всё медным тазом накрывается. Полностью бесполезный и несостоятельный во всех направлениях, а трёп и враньё, вот тут он на коне.</Text></Comment><Comment><Username>Denis Xxx</Username><UserID>UCPbrLfXUiJ93XKGlXBTN2Xw</UserID><Text>Беларусь страна маразма- Если ты маразматик приезжай жить в Беларусь.Беларусь- страна для жизни....</Text></Comment><Comment><Username>Анд Кор</Username><UserID>UCon0rHa4FSpH1k-qVNi4Quw</UserID><Text>Тройкі ў кажанах! Можа і наганы не зарэгістраваныя у кішэні есць? Недзе я гэта бачыў?! Згадзіцеся гэтыя мянты на бандытаў падобныя! Потым скардзяцца што іх парэзалі.</Text></Comment><Comment><Username>Раста147 Укр</Username><UserID>UCKE-aNbTIjHajAhJdNx_HTg</UserID><Text>Жах. Ті "соцпрацівники" взагалі люди?  Знівечили долю   дітей та їх батька. Відібрали життя у пані.</Text></Comment><Comment><Username>Frankyy Milkyy</Username><UserID>UCdlzI2wUwo7eVMUd4taTtDg</UserID><Text>У меня тоже есть такой знакомый, который покончил с собой, когда забрали ребёнка.</Text></Comment><Comment><Username>Марина Науменко</Username><UserID>UCKJ3g-TOtw1O__UzAq_NC6Q</UserID><Text>++++++</Text></Comment><Comment><Username>Vitaliy Obodenko</Username><UserID>UCJrKmqGMT1r83xb6DYNZ1zA</UserID><Text>Когда эта твар уже нажрется, а когда дети закончатся Что будут отбирать</Text></Comment><Comment><Username>Марина Науменко</Username><UserID>UCKJ3g-TOtw1O__UzAq_NC6Q</UserID><Text>++++</Text></Comment><Comment><Username>Вова Вело</Username><UserID>UC2avHWU3A2JoysZGZptEl7w</UserID><Text>У нас уже проверяющих органов больше чем нормальных людей</Text><Comments count="1"><Comment><Username>САН САН</Username><UserID>UCSNGt6maGxdI6ksgJcJABNQ</UserID><Text>Это верно</Text></Comment></Comments></Comment><Comment><Username>Виктор Пашкевич</Username><UserID>UC146oB7vz_6Pq-pXzXcH6WA</UserID><Text>Без мата невозможно смотреть! Сочувствую мужику! Ещё уроды больше в долги загоняют! 800 р/месяц при зарплате 350? Или я неправильно услышал? Зашибись! Краина для жыцця уебанцев чиновников!</Text></Comment><Comment><Username>Лисица Цой</Username><UserID>UCnjnvyWEOipInip-NYgTYcw</UserID><Text>Правильно женщина сказала (3:16). Согласна! А эта смерть на тех, кто инициировал эту постановку на учет!</Text></Comment><Comment><Username>Анна Михайловна</Username><UserID>UCM9eE_RwrzITN8Ul0QkZ9Qw</UserID><Text>Господи как зто страшно!!!Примите саболезнования,ведь маму никто не заменит</Text></Comment><Comment><Username>сергей валентинович</Username><UserID>UCjU6lxigzu-RiRcu7euXWmw</UserID><Text>Главная надежда Белорусов,это луку на кол!И всю его семью тоже на кол!</Text></Comment><Comment><Username>Romano Drom</Username><UserID>UCm41ZlNg4zYggcPGyuz37XQ</UserID><Text>Из за дискриминации все цыгане уехали в Европу. Беларусь стала фашистской.</Text><Comments count="6"><Comment><Username>Александр Кеврин</Username><UserID>UCDKkcyZqftI1ZvmcCFTOEtw</UserID><Text>на чём эта власть держалась</Text></Comment><Comment><Username>Горельский Лорд</Username><UserID>UCnmhnPaXy2d0X_PRYp2Zj6w</UserID><Text>Вовеки!!!!!</Text></Comment><Comment><Username>Артём Цветков</Username><UserID>UCYkyxKxIExP4BiPYrhUjzhQ</UserID><Text>Уже собираю документы.  Тут делать нехер!</Text></Comment><Comment><Username>Люба К</Username><UserID>UCQ-J2p6T_gdW7UXjlKyAlxg</UserID><Text>Какая дискриминация? Нигде не работают, дети школу не заканчивают, профессии не получают. Только детей рожают вне законного брака, чтобы пособия получать, как матери одиночки. Потихоньку и к ним подбираются, но не так жёстко, как к местным жителям.</Text></Comment><Comment><Username>Елена Миранович</Username><UserID>UCJn7im2nAO_up7qPZUsNBFQ</UserID><Text>Romano Drom Правильно  пусть. валят  отсюда  не. хватало  добра  таково</Text></Comment><Comment><Username>evgeny last</Username><UserID>UCiCr6AOr_xPls5oLrRcDtkw</UserID><Text>Почему все? Не все.</Text></Comment></Comments></Comment><Comment><Username>ZOHAN Z</Username><UserID>UCY7aXS8KNZAY3dieVr5zYMA</UserID><Text>Белссат,смотрю вас часто,но вы начинаете на прегать своей руссофобией. Типо невзначай .</Text></Comment><Comment><Username>евгений</Username><UserID>UCl4E0wSukJ6ZDZaHVj2leKQ</UserID><Text>мужчыну шкада, i дзяцей,i жонку  адабралi.Плацiць нi хочуць,але патрабуюць быццам людзi грошы штампуюць,камуналку заплацi, за дзiцячы сад заплацi, у школу на штодзенныя паборы занясi, адзень i накармi дзяцей, i усе гэта за 450р у месяц дык тут амаль  кожнага трэба СОП ставиць</Text><Comments count="1"><Comment><Username>Gena Novik</Username><UserID>UCm2nqlgkYzK8cxTqtWnl3yA</UserID><Text>Власти в петлю</Text></Comment></Comments></Comment><Comment><Username>Ирина</Username><UserID>UCK6hnxvh5odqoo4ZD-Mpu_g</UserID><Text>Петля - это не выход из положения!!!! Прежде чем это сделать, ЖЕНЩИНЫ-подумайте!!! Что бедет с вашими детьми????!!!!! Вы то,, спокойно,, будете лежать,  А дети ваши кому нужны будут?????!!! каково им?????!!!! Как им дальше жить????!!!! Кто им поможет????!!!! Кто выслушает???? пожалеет,???

Живёт многодетная семья, ну есть проблемы-помогите!!!! 
Да вроде бы помогли-дали квартиру! 
А вы спросите "" они хотят в неё идти????!!!! &amp;apos;&amp;apos; 
1.Почему вы всех гоните в эти цементные,, гробы,,??? 
2.Люди держать скотину, огород, свой сад-это  огромный плюс в семью. Почему они должны это бросить и пойти с  300-400 руб. з/п.жить в квартиру, где этих денег будет хватать только на коммунальные. ( и то это они в деревне живши, на ферме работавши с утра до вечера получали эти деньги. А в городе какую работу им дадут???? Или они будут ездить в эту деревню работать???? Это ещё минус времени матери на дела домашние и детей!!!!!) 
Почему нельзя, взять и построить им дом, там где они живут,, если их дом не пригодны к проживанию или отремонтировать ???!!!! Думаю стоимость дома не привысила бы стоимости квартиры которую им дали,да ещё бы и на мебель и  одежду детям осталось бы. 
И таких семей между прочим очень много........</Text><Comments count="2"><Comment><Username>Running men</Username><UserID>UCWCrz7QkvUb69DasFlhYxxg</UserID><Text>В квартире  доить проще,остальное им не интерестно.</Text></Comment><Comment><Username>Татьяна Ко</Username><UserID>UCctErySvC0VQ59J7qlUN26Q</UserID><Text>В деревне есть дома. Причём свободные. Для работников  колхоза. И семья охотно туда переехала бы. Никто просто не хотел заморачиваться.</Text></Comment></Comments></Comment><Comment><Username>Виктор Виктор</Username><UserID>UC4V2h6cz2WwBm_pbY417_cg</UserID><Text>Кабздец,  чым далей,тым  ...выйсця няма....яма..моладзь,пара у канаду..</Text></Comment><Comment><Username>галина ивановна невинская</Username><UserID>UCqEfZryJyGf9T-EK9qldrYQ</UserID><Text>СУКИ  КОРЫТНЫЕ.  ВМЕСТО ТОГО, ЧТОБ  ПОМОЧЬ КОПЕЙКОЙ,  ЗАБИРАЮТ ДЕТЕЙ--ПРО  ОЧЕРЕДНОЕ САМОУБИЙСТВО.</Text></Comment><Comment><Username>Виктор Звягинцев</Username><UserID>UCBfEwLTbzIclpSSxyDKUgRQ</UserID><Text>Лукашисты хуже фашистов ничего удивительного вот вилы загнали бы тогда не приходили  детей забирать может другие задумались как так белорусы действительно наверно народец</Text></Comment><Comment><Username>Прасковья Череп</Username><UserID>UCkZYiE194Ls97Hnzsenc_EQ</UserID><Text>Мужик будет платить ещё за пребывание ребёнка в интернате.
Вместо того, чтобы купить мебель детям эти твари морально убивают детей, а отца в кабалу загнали, что и детей не отдадут обратно.
Власть плешивых маразматичных старцев не только не справляется с   руководством страной , но не соответствуя гнобит население  карательными фашистскими методами, в том числе и  журналистов .</Text></Comment><Comment><Username>Selvestor Vivat</Username><UserID>UCFdEDT4f2ZPaIt1M32d37YQ</UserID><Text>Белсату пара пераходзіць на інтэрнеэт вясчанне ў прамым эфіры.</Text></Comment><Comment><Username>александр зайцев</Username><UserID>UCjxpB3UP-PAL5PtCh-6VE0g</UserID><Text>На бязглуздую паказуху, па усёй краине ёсьць грошы а на сямью и дзяцей няма! Сабаки, падхалимы улады не народнай!</Text></Comment><Comment><Username>Антон Мезин</Username><UserID>UCPYaY2s07vBJNRvi3knUylg</UserID><Text>Будь проклята система,уроды</Text></Comment><Comment><Username>Томара Симакова</Username><UserID>UCPtPKUhYm39rWGhwxxRSmpg</UserID><Text>Ох уж эти дырэктарки ....</Text></Comment><Comment><Username>404 Not Found</Username><UserID>UC_t_wsE4YQA-ZJPeL05Sr0Q</UserID><Text>запоминайте,всех запоминайте и не забывайте...</Text></Comment><Comment><Username>Светлана Янушкевич</Username><UserID>UC3Vf7XeLdtjB9LZfgzvYf1Q</UserID><Text>С себя бы так спрашивали,как с этой матери -трудяги.Мои соболезнования родным.</Text></Comment><Comment><Username>Ольга кошка</Username><UserID>UCRKR6vWnbtRsqH5ayJVs7Gw</UserID><Text>А помочь государство семьям не пробовало!!!!!!  Рожайте , многодетные семьи -- это круто!!!!! Лицемерие одно!!! Самолеты покупать деньги есть, а детям помочь , денег нет!!! Бог всё видит, ответят те , кто  загнал мать в петлю</Text></Comment><Comment><Username>Кирилл Гарастюк</Username><UserID>UC-0mngv85qQJ6lRxqqYhJuA</UserID><Text>Давно пора вырезать все государственные структуры, которые подчиняются президенту, твари и сказать больше нечего</Text></Comment><Comment><Username>Galina Averyanova</Username><UserID>UC_46pD433ezWPZO_w8EjPqA</UserID><Text>Это кошмар,невозможно слушать такие новости.Нет слов,хочется по-другому выразиться.Очень жалко женщину и детей.Хочется только пожелать,чтобы наши власти научились правильно пользоваться и использовать свои возможности,а не унижать людей.В чем виновата семья?!В том,что не хватает денег на еду в первую очередь?А как мы росли в свое время?Нас мама тоже растила одна двоих и в новых пальтишках или вещах мы не ходили,а передавалось от двоюродных сестер.Так что,за это детей забирать?!.У многих сейчас людей не хватает терпения и вот такой исход имеем.Вот такое поведение и правила мы быстро почемуто переняли с Запада,очень жаль.</Text><Comments count="20"><Comment><Username>Galina Averyanova</Username><UserID>UC_46pD433ezWPZO_w8EjPqA</UserID><Text>+Slava Puhach Ну что я могу сказать?:)))Я сама получала "кумаки"ад сваей маци и ничего...Есть что вспомнить,все было в допустимых мерах,и ремня получали.И мои дети,я тоже их вырастила сама с помощью мамы,хоть муж и можно сказать положительный был,но поехал к себе в Россию и уже была любовница на момент развода.И когда мне действительно не хвптало денег,я пыталась обращаться за помощью,но там посмотрели на меня,что я выгляжу нормально(без синяков и более менее одета )и мне сказали что не положено,хотя постоянно были долги по квартире.В один месяц заплатишь ЖЭУ,в другой за газ т свет и так по кругу,и более чем за 10 лет была без отпуска.Если и был типа отпуск по документам,то все равно работала.Мне это все знакомо как живется среднему классу,а сейчас уже можно сказать что и еще ниже среднего.((Печально все это.</Text></Comment><Comment><Username>Slava Puhach</Username><UserID>UCNiOLtobrlbp5DXC8XLmTVQ</UserID><Text>+Galina Averyanova Мне вельмі шкада. Маі бацьки мяне ніколі не білі, прывучалі самастойна прымаць рашэнні, чытаць кнігі, і заахвочвалі на ўсякія творчыя заняткі. Я так сама адношуся і да сваіх дзяцей. Таму я ўпэунены ў сваей будычыне. Ўсяго Вам найлепшага!</Text></Comment><Comment><Username>Раста147 Укр</Username><UserID>UCKE-aNbTIjHajAhJdNx_HTg</UserID><Text>+Galina Averyanova Не знаю за який саме проміжок часу Ви кажете.  Якщо Ви маєте на увазі  Білорусь перших років   після розвалу радянщини - не можу сперечатися , бо не маю данних.  Але ось за часів совка  такі  дії проводилися постійно, особливо коли мова йшла  про  "невірне " виховання  у родині (наприклад  коли  дитина задавала "незручні"  запитання вихователям )  та  т.п.   Так що те,  що  наразі відбувається в Білорусі  - то не  є  вплив  "тлетворного  Запада" , а  є спадщиною тоталітарної держави та чекізму. (</Text></Comment><Comment><Username>Настоящая Беларусь!</Username><UserID>UC2-6UOWteUNkld_cyBn7gcg</UserID><Text>+Galina Averyanova,Запад тут ни при чем, декрет № 18 создан не для защиты детей, а для того чтобы усилить влияние на народ, под страхом отобрания детей загонять их на малооплачиваемую работу, либо загонять в долговую кабалу, а также - выбивать задолженности за коммуналку и пр..., влиять на активистов, борцов за справедливость - неугодных,неудобных власти.
Все основано на страхе, ведь  потерять детей,это самое страшное в жизни.</Text></Comment><Comment><Username>Настоящая Беларусь!</Username><UserID>UC2-6UOWteUNkld_cyBn7gcg</UserID><Text>+Galina Averyanova, они не превышают, а используют свою власть! Почувствуйте разницу.</Text></Comment><Comment><Username>Galina Averyanova</Username><UserID>UC_46pD433ezWPZO_w8EjPqA</UserID><Text>+Настоящая Беларусь! Главное чтобы правильно использовали и понимали ситуацию семьи.</Text></Comment><Comment><Username>Galina Averyanova</Username><UserID>UC_46pD433ezWPZO_w8EjPqA</UserID><Text>+Настоящая Беларусь! Возможно.(((</Text></Comment><Comment><Username>Раста147 Укр</Username><UserID>UCKE-aNbTIjHajAhJdNx_HTg</UserID><Text>+Galina Averyanova Тим більш не зрозуміло  чом  Ви  звинувачуєте Запад  у  негараздах в Білорусі)  Хоча маю припущення :  така вже психологія .</Text></Comment><Comment><Username>Galina Averyanova</Username><UserID>UC_46pD433ezWPZO_w8EjPqA</UserID><Text>+Раста147 Укр Я не против Западных систем тоже.Но надо все правильно применять,если у нас этого не было раньше,а применять только за последние лет 10 типа как"шашкой махать",то это ни к чему не приведет.Раньше почемуто детей наказывали и ни у кого не забирали,и уровень жизни бвл не у каждого в достатке,отчего сейчас такое гонение и непонимание?!</Text></Comment><Comment><Username>Настоящая Беларусь!</Username><UserID>UC2-6UOWteUNkld_cyBn7gcg</UserID><Text>+Galina Averyanova,Вы не поняли, они пользуются властью - творят беззаконие, чтобы как можно дольше продержался этот режим - диктатура,бо при смене власти им всем придется отвечать.</Text></Comment><Comment><Username>Slava Puhach</Username><UserID>UCNiOLtobrlbp5DXC8XLmTVQ</UserID><Text>+Раста147 Укр Паважаны, сучасная Беларусь ужо 25 гадоў з&amp;apos;яўляецца расійскім палігонам для адпрацоўкі метадаў ператварэння насельніцтва у паслухмяны статак рабоў. Нязгодныя выціскаюцца з краіны, "асабліва вумныя" проста знікаюць. Затым гэтыя метады з пэўнымі карэкціроўкамі пераносяцца ў асноўнае мэтавае таварыства. Адрозненне у тым што жыхары Беларусі пераважнай большасцю ненавідзяць сваю ўладу і асабліва самага галоўнага былога старшыню саўгаса. Жыхары ж самай "Великой и прекрасной" гатовыя не ўстаючы з каленяў прагна лізаць дупу свайму недакурку і пры гэтым араць, якія яны вялікія.</Text></Comment><Comment><Username>Galina Averyanova</Username><UserID>UC_46pD433ezWPZO_w8EjPqA</UserID><Text>+Настоящая Беларусь! Возможно.Я понимаю,что такая служба должна быть,но именно чтобы правильно использовать свои права и понимание во всем.А то получается,что у каждого должен быть типа как евроремонт и чтобы холодильник был забит и т.д.Как я писала,что мы сами росли ,когда и наказывали родители,и в роскоши не росли,и в холодильнике было по минимуму и ни у кого детей не забирали.Также и в деревнях жили,еще более беднее некоторые и ничего.А сейчас это что то непонятное.(((</Text></Comment><Comment><Username>Настоящая Беларусь!</Username><UserID>UC2-6UOWteUNkld_cyBn7gcg</UserID><Text>+Galina Averyanova, причем эта семья не из самых бедных, хотя все мы не  против иметь евроремонты, и прочие блага, только вот эта власть, наживаясь на бесплатном- рабском труде  людей, остановиться не может, им все мало...</Text></Comment><Comment><Username>Раста147 Укр</Username><UserID>UCKE-aNbTIjHajAhJdNx_HTg</UserID><Text>+Slava Puhach Жыве Беларусь ! Я  сподіваюсь  на те,  що  Білоруси в решті решт  проженуть ту криваву комуністичну шмоту!   В мене багато свідомих сябрів , тому  дуже переймаюся за них.</Text></Comment><Comment><Username>Slava Puhach</Username><UserID>UCNiOLtobrlbp5DXC8XLmTVQ</UserID><Text>+Раста147 Укр Слава Украіне! Дзяржыцеся браты! Беларусы з вамі!</Text></Comment><Comment><Username>Slava Puhach</Username><UserID>UCNiOLtobrlbp5DXC8XLmTVQ</UserID><Text>​+Раста147 Укр Большасць жахароў Беларусі  супраць об&amp;apos;яднання з расеей. Асабліва моладзь. На жаль богато і свядомых. Гебельс ТВ працуе якасна. Будзем спадзявацца, з часам пусты халадзільнік зробіць сваю працу.</Text></Comment><Comment><Username>Раста147 Укр</Username><UserID>UCKE-aNbTIjHajAhJdNx_HTg</UserID><Text>+Slava Puhach Не зрозуміла...Проти чи НЕ  проти?</Text></Comment><Comment><Username>Slava Puhach</Username><UserID>UCNiOLtobrlbp5DXC8XLmTVQ</UserID><Text>+Раста147 Укр Прабач,  не зразумеу пытанне</Text></Comment><Comment><Username>Slava Puhach</Username><UserID>UCNiOLtobrlbp5DXC8XLmTVQ</UserID><Text>Ты маеш наўвазе каго больш? Боль тых хто хоча жиць у незалежнай Беларуси. 100 адцоткаў упэунены, таму што я родам з самай пра-расейскай Віцебскай вобласці. Хто застаўся у Беларусі з маіх знаёмцау, яны супраць расіі.</Text></Comment><Comment><Username>Раста147 Укр</Username><UserID>UCKE-aNbTIjHajAhJdNx_HTg</UserID><Text>+Slava Puhach То добре)  Мої сябри з Гомельської обл та Мінську  так само кажуть. Залишилося "найпростіше"  - поґнати копняками вусатого .</Text></Comment></Comments></Comment><Comment><Username>Vera Niakhai</Username><UserID>UC5gRXFDSlhYKfVuRrhftrnQ</UserID><Text>Пособие с 3 до 18 лет отменено в 2013 ,многодетные мамы вынуждены работать ,поэтому мама при всем желании не может идеально все сделать.</Text></Comment><Comment><Username>Вова Вело</Username><UserID>UC2avHWU3A2JoysZGZptEl7w</UserID><Text>+</Text><Comments count="1"><Comment><Username>САН САН</Username><UserID>UCSNGt6maGxdI6ksgJcJABNQ</UserID><Text>Это верно</Text></Comment></Comments></Comment><Comment><Username>Читаем Законы</Username><UserID>UC5xkr3HO50RjvL-D4kMnpbQ</UserID><Text>Лукашэнка прытрымай сваех псоў.</Text></Comment><Comment><Username>Василий Васильевич</Username><UserID>UCtefG5PlBsT0m2xbv3xMbaA</UserID><Text>До чего же они охренели.. И никто не понесет ответственности.</Text></Comment><Comment><Username>Мотылёк</Username><UserID>UC8FxRGHZHM7OqcNKhuisb_w</UserID><Text>Адсполком.</Text></Comment><Comment><Username>Просто Картуз</Username><UserID>UCGcyGOgySlJ_dyH1EUeN83Q</UserID><Text>Надо проговорить о тех чиновницах-падлах,которые эту *беду* сознательно сотворили .......</Text><Comments count="3"><Comment><Username>Gena Novik</Username><UserID>UCm2nqlgkYzK8cxTqtWnl3yA</UserID><Text>У этих мразей бабла в раз10 больше</Text></Comment><Comment><Username>Анд Кор</Username><UserID>UCon0rHa4FSpH1k-qVNi4Quw</UserID><Text>Просто Картуз  Доведение до самоубийства! Ст.145 УК РБ! Прокурор проснись! Работенка есть!</Text></Comment><Comment><Username>KASPER ДОБРОЕ ПРИВИДЕНИЕ</Username><UserID>UCwM1FiYhkShL3Kh7zImzOig</UserID><Text>Анд Кор ага проснулся.</Text></Comment></Comments></Comment><Comment><Username>Adam Radziwill</Username><UserID>UCn0bXiPuW18NInbhDucM8NQ</UserID><Text>Сегодня Россия занимает первое место в мире: ■ по уровню умышленных убийств; ■ по числу курящих детей и подростков; ■ по числу взяток при поступлении в вузы; ■ по темпам роста табакокурения; ■ по аварийности на дорогах; ■ по смертности от самоубийств среди подростков 15-19 лет; ■ по абсолютной величине убыли населения; ■ по количеству самоубийств среди пожилых людей; ■ по числу разводов и количеству детей, рожденных вне брака; ■ по числу детей, брошенных родителями; ■ по смертности от заболеваний сердечно-сосудистой системы; ■ по числу пациентов с заболеваниями психики; ■ по объемам торговли людьми; ■ по количеству абортов и материнской смертности; ■ по объёму потребления героина; ■ по потреблению спирта и спиртосодержащей продукции; ■ по продажам крепкого алкоголя; ■ по темпам прироста ВИЧ-инфицированных; ■ по количеству авиакатастроф (в 13 раз больше среднемирового уровня); ■ по числу миллиардеров, преследуемых правоохранительными органами; ■ по количеству ДТП; откуда там быть росту?</Text></Comment><Comment><Username>Анд Кор</Username><UserID>UCon0rHa4FSpH1k-qVNi4Quw</UserID><Text>Мужык не сдавайся! Живи ради детей! А уебкам воздастся!</Text></Comment><Comment><Username>Мнение\ Ситуация на Районе</Username><UserID>UCOl6b3sYDwfm4_aBcjlZGKA</UserID><Text>Президент говорит: рожайте, поможем. В глубинке дело не хитрое (президент же сказал) нарожали, помощи нет. Детей отбирают, людей довили до нищеты, ничего не сделали для того, чтобы ситуация изменилась и делать не хотят. Постоянно говорят о средней зарплате, а реальная такая, что детей нечем кормить. Всё у чиновников хорошо у них зарплата 3189, на селе 250. 
Загляните на мой канал, там есть мысли, на которые можно посмотреть. Оцените канал. Поделитесь своими отзывами о канале. Подпишитесь.</Text></Comment><Comment><Username>Игорь Борщов</Username><UserID>UCzPEhnwWM6tH7b8F5LA_oWw</UserID><Text>Как декрет 18 распространяется на цыганские семьи, что за неприкасаемые???   Нигде не работают, все многодетные и никакие комиссии к ним не ходят, детей не изымают.</Text><Comments count="5"><Comment><Username>Romano Drom</Username><UserID>UCm41ZlNg4zYggcPGyuz37XQ</UserID><Text>А цыган уже нет в этой поганой стране,они все выехали в Европу по дискриминации.</Text></Comment><Comment><Username>KASPER ДОБРОЕ ПРИВИДЕНИЕ</Username><UserID>UCwM1FiYhkShL3Kh7zImzOig</UserID><Text>Romano Drom не гони,у нас в городе индейцы эти ходят толпами и дома с квартирами получают а другие по 20 лет на очери стоят чтоб квартиру получить</Text></Comment><Comment><Username>Люба К</Username><UserID>UCQ-J2p6T_gdW7UXjlKyAlxg</UserID><Text>+Romano Drom Прокатись до Прибора  - встретишься. В школе целые классы цыганские, но учатся недолго. Это Гомель.</Text></Comment><Comment><Username>Olga Kastel</Username><UserID>UCz5BP9WsYXt-vyJTaUlHH9g</UserID><Text>О, правда ваша.... У нас соседи цыгане, в доме неизвестно сколько человек толи двадцать толи больше живёт, днем спят ночью орут, в садики детей нн водят, сами не работают и ни разу не приехали ни пожарники ни соповцы</Text></Comment><Comment><Username>Вова Вело</Username><UserID>UC2avHWU3A2JoysZGZptEl7w</UserID><Text>Цыган,цыгана не тронет)</Text></Comment></Comments></Comment><Comment><Username>Алексей Д</Username><UserID>UCcSUbdUT2rcVeU_oNdh5oLg</UserID><Text>Нехуй рожать по 4 ребёнка</Text></Comment><Comment><Username>Эмер Айлс</Username><UserID>UCWaIWbWyVeRB_QtAfp5hRUQ</UserID><Text>Власть дегенератов. Система вырождения.</Text><Comments count="2"><Comment><Username>Александр Кеврин</Username><UserID>UCDKkcyZqftI1ZvmcCFTOEtw</UserID><Text>наглых оккупантов всякого отребья и безмозглых идиотов ?</Text></Comment><Comment><Username>олег деревяго</Username><UserID>UC_Ujs6Xn3Ig4JCIoPayfmaA</UserID><Text>Д А  !((((((((((((</Text></Comment></Comments></Comment><Comment><Username>Alena Stupchik</Username><UserID>UCMO3E5MXM_J2YtChBThDaIw</UserID><Text>Ох, ягодки начинаем собирать.
Везде тварье,</Text></Comment><Comment><Username>Дмитрий Женевский</Username><UserID>UCgWeIwM8Xl7ImxL1C6rTjIA</UserID><Text>БЕЛСАТ А ЗАЧЕМ ВЫ,НА СВОЕМ КАНАЛЕ  РЕКЛАМИРУЕТЕ УКРАИНСКИХ БАНДЕРОВЦЕВ КОТОРЫЕ УБИВАЛИ МИРНОЕ НАСЕЛЕНИЕ ДАНБАСА?В ДАНЕЦКЕ ЦЕЛАЯ АЛЕЯ ИЗ МОГИЛ ДЕТЕЙ ПОГИБШИХ ОТ ЭТИХ ВЫРОДКОВ.БОЛЬШЕ СОТНИ ДЕТАК ЛЕЖАТ В МАГИЛАХ А ВЫ РЕКЛАМИРУЕТЕ ПИЦЕРИЮ КОТОРУЮ ОТКРЫЛИ ИХ УБИЙЦЫ!СЬЕЗДИТЕ СУКИ В ДАНЕЦК СДЕЛАЙТЕ РЕПОРТАЖ,ПОКАЖИТЕ ЛЮДЯМ БЕЛАРУСИ ПРАВДУ О ВОЙНЕ.ГРЕБАНЫЙ РУПАР ГОСДЕПА С Ш А !!!</Text></Comment><Comment><Username>Марина Науменко</Username><UserID>UCKJ3g-TOtw1O__UzAq_NC6Q</UserID><Text>+++++</Text></Comment><Comment><Username>Леонид Дергач</Username><UserID>UCGJ5WddfW7NjY2DdeGZwibw</UserID><Text>Твари от власти ,перешли на уничтожение народа, вместо помощи, разруха!</Text></Comment><Comment><Username>Yura Subel</Username><UserID>UCmHLbazjgDRMciqQygs40Jg</UserID><Text>Давайце збяром хоць троху грошай,для чатырох сіротак.БелСат,дапамажы з сазданнем асабістага рахунка для іх.</Text></Comment><Comment><Username>Натали Мороз</Username><UserID>UCQBrNHEVo-iL5HGhHRq-c4w</UserID><Text>Это просто не возможно слушать и смотреть!!!! Власти,  вы вообще понимаете,  что делаете?!!  Уже двух матерей в петлю загнали!!!  Дети же страдают,  вы люди или кто?!!  Как можно так издеваться над детьми!!!</Text><Comments count="5"><Comment><Username>Вацлав Галькевич</Username><UserID>UCPF06owb2qoz5Z5TbMDjFcA</UserID><Text>Растреліваць скатоў трэба (блага у нас можна законна)</Text></Comment><Comment><Username>KASPER ДОБРОЕ ПРИВИДЕНИЕ</Username><UserID>UCwM1FiYhkShL3Kh7zImzOig</UserID><Text>Натали Мороз какие они люди? это твари,пусть им всё вернётся</Text></Comment><Comment><Username>Olga Kastel</Username><UserID>UCz5BP9WsYXt-vyJTaUlHH9g</UserID><Text>Они не люди.... Они овчарки</Text></Comment><Comment><Username>Раста147 Укр</Username><UserID>UCKE-aNbTIjHajAhJdNx_HTg</UserID><Text>+Olga Kastel  Не порівнюйте тих виродків з собаками, та й взагалі з тваринками.  Бо тим порівнянням Ви ображаєте тваринок.</Text></Comment><Comment><Username>Running men</Username><UserID>UCWCrz7QkvUb69DasFlhYxxg</UserID><Text>Таких случаев много,не все публикуется ,режим и дальше будет убивать,это всего лишь один из способов.</Text></Comment></Comments></Comment><Comment><Username>Виктор Ковалёв</Username><UserID>UCLcDXzglgjIR9fcSp4uVOVg</UserID><Text>10 тыс. .на ребенка дают ,а сколько забирают.,,бойтесь данайцев дары ,приносящих,,</Text></Comment><Comment><Username>Дмитрий Конополюк</Username><UserID>UCJlYkW6gMJuBNtw34-_MNXw</UserID><Text>4-ры дыза БРСМаўскіх чмошнікаў або гандонаў з пасады лукаша</Text></Comment><Comment><Username>Марина Науменко</Username><UserID>UCKJ3g-TOtw1O__UzAq_NC6Q</UserID><Text>++</Text></Comment><Comment><Username>Витюня Павлович</Username><UserID>UCG_5xaRf_6o1PdzWmcJfz8w</UserID><Text>Первая новость - ниочём! Конченные маргиналы сначала плодятся как крысы под пьяную лавочку, а потом в петлю лезут, когда соц.службы абсолютно правомерно забирают у них детей. Таким родителям-то дети нужны только для пособия, которое сами пропивают!</Text><Comments count="2"><Comment><Username>Будь в тренде! Учи английский!</Username><UserID>UC55IQdiVtJWdleAGRk8_e2Q</UserID><Text>Воровство считается большим грехом. А пьянство, вообще не грех. Но вы  у воров и взяточников детей не забираете. Побойтесь Бога. За всё придётся платить. Вы настолько имеете уверенность, что вы или ваши дети не сопьются?  Прекратите позор. Это не ваше дело сколько у людей детей.  Не суньте свой нос туда, где не положено вам. Правомерно то, что в Библии написано, а не то, что ты написал.</Text></Comment><Comment><Username>Марина Папко</Username><UserID>UCi6pZlkhs0LUrUjXAEoeNDA</UserID><Text>В чем маргиналы, да еще конченые? Никому не мешали, работали оба . Росли дети, при таких зарплатах у родителей, и быт соответствующий. Пьяницы в петлю не лезут , если детей отбирают.  А вот тебя, витюня, родители недолюбили видно.</Text></Comment></Comments></Comment><Comment><Username>сергей рудский</Username><UserID>UCiB5mLdaRJ6z5A5yJOzGPaw</UserID><Text>лайк пицца</Text></Comment><Comment><Username>Валентина Мазура</Username><UserID>UCWRbnNSo9UJ03kzVRu8Ue6Q</UserID><Text>Под суд, кто напрямую отвечает за такие семьи. Как будут спать наши чиновники? С совестью или без.</Text><Comments count="1"><Comment><Username>олег деревяго</Username><UserID>UC_Ujs6Xn3Ig4JCIoPayfmaA</UserID><Text>Крепко!</Text></Comment></Comments></Comment></Comments></Details></Item><Item><ID>mAyJhDJjuJE</ID><Header>Поўнае выданне навінаў за 13.02.2019</Header><Body>Галоўныя падзеі ў Беларусі і суседзяў паводле рэдакцыі "Аб'ектыву". https://belsat.eu/?p=983302

- У Стоўбцах развіталіся з загінулымі
- Пуцін назваў Беларусь стратэгічным партнёрам Расеі
- Мясніковіч у Польшчы: вынікі перамоваў
- Шасціпавярховікі замест парку. Ці дойдзе да ўшчыльнення ў Магілёве?
- Выкіды заводу "Гомельшпалеры" могуць быць прычынаю анкалагічных захворванняў

Нашая старонка – https://belsat.eu/
Расклад новых выданняў – https://belsat.eu/schedule

Падпішыся на нашыя каналы

BELSAT NEWS – https://goo.gl/fe2Lw9
ВОТ ТАК – http://goo.gl/Kra6Qf
БЕЛСАТ БЕЗ ПАЛІТЫКІ – https://goo.gl/qSjU7a
БЕЛСАТ ГІСТОРЫЯ – https://goo.gl/cfiYTj
БЕЛСАТ МУЗЫКА – https://goo.gl/NDB5oB
ЖЭСТАЧАЙШЫ МУЛЬТ – https://goo.gl/obVGMH
BIEŁSAT PO POLSKU – https://goo.gl/4LdFdG
BELSAT IN ENGLISH – https://goo.gl/mtBQvM

Далучыся да нас у сацыяльных сетках

Па-беларуску

FACEBOOK – https://goo.gl/nWYVXF
VKONTAKTE – https://goo.gl/vvwJyJ
TELEGRAM – https://goo.gl/jMMQAc
INSTAGRAM – https://goo.gl/Vsuix6
TWITTER – https://goo.gl/CbSrPA

По-русски

FACEBOOK – https://goo.gl/N4FKHF
TWITTER – https://goo.gl/J4wpAg
ODNOKLASSNIKI – https://goo.gl/sXdZ4p

Po polsku

FACEBOOK – https://goo.gl/b7VuoV
TWITTER – https://goo.gl/rmvobb

In english

TWITTER – https://goo.gl/P3H5Qp

Па ўсіх пытаннях – belsat.eu@gmail.com</Body><Username>БЕЛСАТ NEWS</Username><UserID>UCRokSp8CGOuQO4R0F1RxRGg</UserID><Confirmed></Confirmed><Date>2019-02-13T18:57:22</Date><Tags><Tag>Лукашенко</Tag><Tag> Путин</Tag><Tag> лука</Tag><Tag> батька</Tag><Tag> бацька</Tag><Tag> Россия</Tag><Tag> союзное государство</Tag><Tag> политика</Tag><Tag> интеграция</Tag><Tag> эксперт</Tag><Tag> комментарий</Tag><Tag> Мясникович</Tag><Tag> Польша</Tag><Tag> запад</Tag><Tag> ес</Tag><Tag> европа</Tag><Tag> евросоюз</Tag><Tag> Могилев</Tag><Tag> Минск</Tag><Tag> беларусь</Tag><Tag> завод</Tag><Tag> экология</Tag><Tag> Столбцы</Tag><Tag> убийство</Tag><Tag> школьник</Tag><Tag> напал</Tag><Tag> зарезал</Tag><Tag> в школе</Tag><Tag> ученик</Tag><Tag> школьное убийство</Tag><Tag> трагедия</Tag><Tag> погибли</Tag></Tags><Details><Emotions><Emotion type="like" count="346"/><Emotion type="dislike" count="17"/></Emotions><Views count="14842"/><Comments count="30"><Comment><Username>Тамара Исмаилова</Username><UserID>UCwafW5PEKgf44XNPjuETwlw</UserID><Text>У школы хотят забрать стадион??? Это никуда не годится!!!!!</Text><Comments count="1"><Comment><Username>Aleksandr Luka</Username><UserID>UC84eykTK1iL2nAa5BNhWSOQ</UserID><Text>А зачем? Всё раздадут... а откуда воровать?</Text></Comment></Comments></Comment><Comment><Username>БЕЛСАТ NEWS</Username><UserID>UCRokSp8CGOuQO4R0F1RxRGg</UserID><Text>Падпішыся на наш канал, каб быць у курсе! https://goo.gl/fe2Lw9</Text><Comments count="30"><Comment><Username>Тамара Исмаилова</Username><UserID>UCwafW5PEKgf44XNPjuETwlw</UserID><Text>У школы хотят забрать стадион??? Это никуда не годится!!!!!</Text></Comment><Comment><Username>БЕЛСАТ NEWS</Username><UserID>UCRokSp8CGOuQO4R0F1RxRGg</UserID><Text>Падпішыся на наш канал, каб быць у курсе! https://goo.gl/fe2Lw9</Text></Comment><Comment><Username>Сергей Инкогнито</Username><UserID>UCn2Io8Su4N2Z_BTXmf9U1-w</UserID><Text>Дизлайк. Из-за картинки к видео, человек ответил вам, общался, можно было и в лучшем ракусе стоп-кадр сделать. Ничего личного, но комментариев на улице я вам не дам.</Text></Comment><Comment><Username>Виктор Ковалёв</Username><UserID>UCLcDXzglgjIR9fcSp4uVOVg</UserID><Text>Пускай лучше в россию ездит, чем в гейропу, там не захвалят, лучше ,,парабкам,, чем пушечным мясом америкосов.</Text></Comment><Comment><Username>Олег за правду</Username><UserID>UCKAleld8o9tVVjpBj6adORA</UserID><Text>Да белсат обвиняют в том или другом,кто то там Польша рулит,но на такие видео должны быть толковые проверки, и разбираться по существу,может правда может нет ,народ фильтрует инфу,где нормальное реагирование в гос СМИ,мол есть проблема или нет,и с конкретикой ,а зачым фальшыука,брэхуны яны ,у нас усё добра,!</Text></Comment><Comment><Username>Анд Кор</Username><UserID>UCon0rHa4FSpH1k-qVNi4Quw</UserID><Text>Мясникович в Польше за фальшивкой.</Text></Comment><Comment><Username>Татьяна Евстафьева</Username><UserID>UCwfvqo3TzBiAS8xbWg91OcQ</UserID><Text>Потому как [по моему мнению] раньше была школа ШКОЛОЙ , а теперь ~ ГУО. Нет доверия к ГУО ни у родителей, ни у ДЕТЕЙ. Искренне жаль и учителя и мальчишек</Text></Comment><Comment><Username>pasha Ivanov</Username><UserID>UCDtmNi3UiDDXQVNXbVYZVMw</UserID><Text>i што змянилася пасля скаргау, дайця хоць адну станоучую адмову!?</Text></Comment><Comment><Username>Тиффани Цунами</Username><UserID>UCVcEyr5ltx2kTzt99nhja8w</UserID><Text>В нормальных странах разгружают жилые  районы, стараются устраивать побольше зелёных зон, только в палате №6  уплотняют и делают сплошные пробки и в транспорте и в жилье!!!</Text></Comment><Comment><Username>Andrei Stsepanenka</Username><UserID>UC2OJZU-pZbzZYM0P3CJgpHg</UserID><Text>С Мясниковича уже песок сыпется. А он еще куда-то ездит. О грязевых ваннах надо уже подумать. И АГЛ с лыжами тоже на процедуры направить.</Text></Comment><Comment><Username>Анд Кор</Username><UserID>UCon0rHa4FSpH1k-qVNi4Quw</UserID><Text>15.39 Дворник что хотел сказать? Можно уменьшить издержки за счет экологии и здоровья людей! Странное реплика врача, пусть даже и ветеринарного.</Text></Comment><Comment><Username>Тамара Исмаилова</Username><UserID>UCwafW5PEKgf44XNPjuETwlw</UserID><Text>А что же предали беларусов, которые трудились в районах Крайнего Севера до распада Советского Союза??!!
Несмотря на решение СНГ, что все выплаты за этот период выполняет каждая бывшая республика СССР, БЕЛАРУСАМ В  БЕЛАРУСИ ОТМЕНИЛИ!!!!
Да исчезнет все вредящее и навредившее!!!!
Только у  врагов  беларусов пусть  не будет ни пенсий, ни льгот!!!!</Text></Comment><Comment><Username>Яковчик Виталий</Username><UserID>UCqzmV1I3HUm5hVAPURYP1Xw</UserID><Text>Вместо того, чтобы  рассказывать о забитых  шайбах Кольки,  надо на информ часе тесты специальные давать детям заполнять .  По результатам  которых ,  будут выявлять детей ,  с которыми надо  будет тесно работать психологам,  что бы избегать в дальнейшем  трагедий.  Мои соболезнования родным погибших .</Text></Comment><Comment><Username>Andrey</Username><UserID>UCyHr0rKhqO5QyOEJnJvpnMg</UserID><Text>Сколько же на этот раз он бульбы туда завёз?...</Text></Comment><Comment><Username>Тамара Исмаилова</Username><UserID>UCwafW5PEKgf44XNPjuETwlw</UserID><Text>Не дорожка - а стадион нужен!!!
Что - оставляете детям, подросткам и др. в свободное время курить, пить, наркоманить???!!!
СПАСИБО ВСЕМ НЕРАВНОДУШНЫМ, АКТИВНЫМ!!!!!</Text></Comment><Comment><Username>Евгений Никантов</Username><UserID>UCmnpaYITS2kgHE3PWq5zIrg</UserID><Text>Земля им пухом.Боже,спаси Беларусь!
   Траурный ролик.Зачем говно трогали?!</Text></Comment><Comment><Username>Тамара Исмаилова</Username><UserID>UCwafW5PEKgf44XNPjuETwlw</UserID><Text>Какие молодцы! Подписали соглашение о пенсии и пр.полякам, работавшим в Беларуси, и беларусам, трудившимся в Польше!</Text></Comment><Comment><Username>Irina Andreeva</Username><UserID>UCdImrvE4f_YUSbKqkW0qcIA</UserID><Text>Так шкада загiнулых хлопца i настаўнiцу...</Text></Comment><Comment><Username>Victor Shimovolos</Username><UserID>UCjsoz38Ln2nSb4fkF6cwoEg</UserID><Text>Как не крути а трон рухнет у навозного таракана</Text></Comment><Comment><Username>Worldlove you</Username><UserID>UCDq7xJz_xtcRmcbYzTLVMUg</UserID><Text>Очень сочувствую родителям мальчика! Пусть все будет хорошо у него в другом мире!&#xd83d;&#xde4f;</Text></Comment><Comment><Username>Там Там</Username><UserID>UC_UDm1rT_i4DuAN2OUpPEOA</UserID><Text>Похоже из рфии, как инфекция, распространяется подростковая жестокость.</Text></Comment><Comment><Username>Olga Scludova</Username><UserID>UC9lKUEr0yAch7_Jqn604rEg</UserID><Text>а чего польское медио так волнует белорусскороссийское портнерство,</Text></Comment><Comment><Username>Тамара Исмаилова</Username><UserID>UCwafW5PEKgf44XNPjuETwlw</UserID><Text>Так, в Минске, в Партизанском районе, в квартале улиц Стахановской, Кошевого, Щербакова, Буденного, к сожалению, граждан лишили парковой зоны - так хорошо было раньше детям, родителям с детьми, со всех близлежащих домов там поиграть и т.д. 
Загородили, построили маленькую церковь - ну, нет, чтобы поставить на огромной территории возле парка Великого Октября на Партизанском проспекте между остановками Васнецова и Ванеева!!! И людей бы больше приходило!!!!!
А семьям было бы спокойнее, если бы дети общались со сверстниками недалеко от дома!!!!</Text></Comment><Comment><Username>Aleksandr Luka</Username><UserID>UC84eykTK1iL2nAa5BNhWSOQ</UserID><Text>Байкотировать покупку гомельских обоев нужно. Я не куплю точно.</Text></Comment><Comment><Username>Aleksandr Luka</Username><UserID>UC84eykTK1iL2nAa5BNhWSOQ</UserID><Text>Сделают вместо стадиона беговую дорожку, "если нам скажут"... Власть моральных уродов...</Text></Comment><Comment><Username>Гоша вася</Username><UserID>UCl2Yr8Q8zAkFtgRcm_f2T4A</UserID><Text>Да, у кирауника краины....... более важные дела....... а вот мяснякович......вообще........весь в теме....... Да....... Что то после этого увиденного сюжета сказать вообще сложно. В стране бардак...., а у нас Сочи и Польша. Да.......</Text></Comment><Comment><Username>Фёкла Петровна</Username><UserID>UCr_m9eEaz9lm7mF-F8Q9Y9A</UserID><Text>все  бумкомбинаты воняют , у нас  в советское время был такой комбинат ,  тоже был ужасный запах ,</Text></Comment><Comment><Username>Фёкла Петровна</Username><UserID>UCr_m9eEaz9lm7mF-F8Q9Y9A</UserID><Text>не знаю как ваш  лукашенко , но наш путин , очень загружен работой , если несколько  часов покатался на лыжах , при такой  нагрузке ,  молодец , человек должен отдыхать ,</Text></Comment><Comment><Username>Arseniy Seleznov ZveroBoj</Username><UserID>UCR4GVa_FxLBynOXYii7wAEQ</UserID><Text>Шпалери теж сильна отрава , пишіть та кажіть про це, і фабриці буде непереливки !</Text></Comment><Comment><Username>Яна Диковицкая</Username><UserID>UCrUqWho7jwvq7sXix2OOVfQ</UserID><Text>ДОУПЛОТНЯЛИСЬ  А ПОТОМ  УДИВЛЯЮТСЯ ЧТО ПОДРОСТКОВАЯ ПСИХИКА НЕ ВЫДЕРЖИВАЕТ  ДЕТЯМ НЕГДЕ МЯЧ ПОГОНЯТЬ</Text></Comment></Comments></Comment><Comment><Username>Сергей Инкогнито</Username><UserID>UCn2Io8Su4N2Z_BTXmf9U1-w</UserID><Text>Дизлайк. Из-за картинки к видео, человек ответил вам, общался, можно было и в лучшем ракусе стоп-кадр сделать. Ничего личного, но комментариев на улице я вам не дам.</Text></Comment><Comment><Username>Виктор Ковалёв</Username><UserID>UCLcDXzglgjIR9fcSp4uVOVg</UserID><Text>Пускай лучше в россию ездит, чем в гейропу, там не захвалят, лучше ,,парабкам,, чем пушечным мясом америкосов.</Text><Comments count="1"><Comment><Username>vektor topgun</Username><UserID>UCDBQXzfSajpDK6cjBSwztuA</UserID><Text>Виктор Ковалёв россися великая срана, сверхдержава не имеющая аналогов в мире!</Text></Comment></Comments></Comment><Comment><Username>Олег за правду</Username><UserID>UCKAleld8o9tVVjpBj6adORA</UserID><Text>Да белсат обвиняют в том или другом,кто то там Польша рулит,но на такие видео должны быть толковые проверки, и разбираться по существу,может правда может нет ,народ фильтрует инфу,где нормальное реагирование в гос СМИ,мол есть проблема или нет,и с конкретикой ,а зачым фальшыука,брэхуны яны ,у нас усё добра,!</Text></Comment><Comment><Username>Анд Кор</Username><UserID>UCon0rHa4FSpH1k-qVNi4Quw</UserID><Text>Мясникович в Польше за фальшивкой.</Text></Comment><Comment><Username>Татьяна Евстафьева</Username><UserID>UCwfvqo3TzBiAS8xbWg91OcQ</UserID><Text>Потому как [по моему мнению] раньше была школа ШКОЛОЙ , а теперь ~ ГУО. Нет доверия к ГУО ни у родителей, ни у ДЕТЕЙ. Искренне жаль и учителя и мальчишек</Text></Comment><Comment><Username>pasha Ivanov</Username><UserID>UCDtmNi3UiDDXQVNXbVYZVMw</UserID><Text>i што змянилася пасля скаргау, дайця хоць адну станоучую адмову!?</Text></Comment><Comment><Username>Тиффани Цунами</Username><UserID>UCVcEyr5ltx2kTzt99nhja8w</UserID><Text>В нормальных странах разгружают жилые  районы, стараются устраивать побольше зелёных зон, только в палате №6  уплотняют и делают сплошные пробки и в транспорте и в жилье!!!</Text></Comment><Comment><Username>Andrei Stsepanenka</Username><UserID>UC2OJZU-pZbzZYM0P3CJgpHg</UserID><Text>С Мясниковича уже песок сыпется. А он еще куда-то ездит. О грязевых ваннах надо уже подумать. И АГЛ с лыжами тоже на процедуры направить.</Text></Comment><Comment><Username>Анд Кор</Username><UserID>UCon0rHa4FSpH1k-qVNi4Quw</UserID><Text>15.39 Дворник что хотел сказать? Можно уменьшить издержки за счет экологии и здоровья людей! Странное реплика врача, пусть даже и ветеринарного.</Text></Comment><Comment><Username>Тамара Исмаилова</Username><UserID>UCwafW5PEKgf44XNPjuETwlw</UserID><Text>А что же предали беларусов, которые трудились в районах Крайнего Севера до распада Советского Союза??!!
Несмотря на решение СНГ, что все выплаты за этот период выполняет каждая бывшая республика СССР, БЕЛАРУСАМ В  БЕЛАРУСИ ОТМЕНИЛИ!!!!
Да исчезнет все вредящее и навредившее!!!!
Только у  врагов  беларусов пусть  не будет ни пенсий, ни льгот!!!!</Text><Comments count="1"><Comment><Username>Aleksandr Luka</Username><UserID>UC84eykTK1iL2nAa5BNhWSOQ</UserID><Text>А зачем? Всё раздадут... а откуда воровать?</Text></Comment></Comments></Comment><Comment><Username>Яковчик Виталий</Username><UserID>UCqzmV1I3HUm5hVAPURYP1Xw</UserID><Text>Вместо того, чтобы  рассказывать о забитых  шайбах Кольки,  надо на информ часе тесты специальные давать детям заполнять .  По результатам  которых ,  будут выявлять детей ,  с которыми надо  будет тесно работать психологам,  что бы избегать в дальнейшем  трагедий.  Мои соболезнования родным погибших .</Text><Comments count="2"><Comment><Username>Олег за правду</Username><UserID>UCKAleld8o9tVVjpBj6adORA</UserID><Text>У моей дочки в первом классе есть проблемный парень,учитель не справляется, я задал вопрос где психолог,ответ а он не детский психолог,тогда зачем он сдесь,я получил дискриминацию,по моему мнению к дочке,так как пытался защитить этого парня,так как был против большинства,это первый класс,а дальше что будет?</Text></Comment><Comment><Username>Irina Andreeva</Username><UserID>UCdImrvE4f_YUSbKqkW0qcIA</UserID><Text>+Олег за правду толькi горш будзе, на жаль...</Text></Comment></Comments></Comment><Comment><Username>Andrey</Username><UserID>UCyHr0rKhqO5QyOEJnJvpnMg</UserID><Text>Сколько же на этот раз он бульбы туда завёз?...</Text></Comment><Comment><Username>Тамара Исмаилова</Username><UserID>UCwafW5PEKgf44XNPjuETwlw</UserID><Text>Не дорожка - а стадион нужен!!!
Что - оставляете детям, подросткам и др. в свободное время курить, пить, наркоманить???!!!
СПАСИБО ВСЕМ НЕРАВНОДУШНЫМ, АКТИВНЫМ!!!!!</Text><Comments count="1"><Comment><Username>Aleksandr Luka</Username><UserID>UC84eykTK1iL2nAa5BNhWSOQ</UserID><Text>А зачем? Всё раздадут... а откуда воровать?</Text></Comment></Comments></Comment><Comment><Username>Евгений Никантов</Username><UserID>UCmnpaYITS2kgHE3PWq5zIrg</UserID><Text>Земля им пухом.Боже,спаси Беларусь!
   Траурный ролик.Зачем говно трогали?!</Text></Comment><Comment><Username>Тамара Исмаилова</Username><UserID>UCwafW5PEKgf44XNPjuETwlw</UserID><Text>Какие молодцы! Подписали соглашение о пенсии и пр.полякам, работавшим в Беларуси, и беларусам, трудившимся в Польше!</Text><Comments count="1"><Comment><Username>Aleksandr Luka</Username><UserID>UC84eykTK1iL2nAa5BNhWSOQ</UserID><Text>А зачем? Всё раздадут... а откуда воровать?</Text></Comment></Comments></Comment><Comment><Username>Irina Andreeva</Username><UserID>UCdImrvE4f_YUSbKqkW0qcIA</UserID><Text>Так шкада загiнулых хлопца i настаўнiцу...</Text></Comment><Comment><Username>Victor Shimovolos</Username><UserID>UCjsoz38Ln2nSb4fkF6cwoEg</UserID><Text>Как не крути а трон рухнет у навозного таракана</Text><Comments count="2"><Comment><Username>Дмитрий Ковалько</Username><UserID>UC5x3A3oQ9KncqDnpUOa6pHA</UserID><Text>Быстрее бы он рухнул, бесит его морда тараканья усатая</Text></Comment><Comment><Username>Горельский Лорд</Username><UserID>UCnmhnPaXy2d0X_PRYp2Zj6w</UserID><Text>Я тоже думаю что скоро!!!!</Text></Comment></Comments></Comment><Comment><Username>Worldlove you</Username><UserID>UCDq7xJz_xtcRmcbYzTLVMUg</UserID><Text>Очень сочувствую родителям мальчика! Пусть все будет хорошо у него в другом мире!&#xd83d;&#xde4f;</Text></Comment><Comment><Username>Там Там</Username><UserID>UC_UDm1rT_i4DuAN2OUpPEOA</UserID><Text>Похоже из рфии, как инфекция, распространяется подростковая жестокость.</Text></Comment><Comment><Username>Olga Scludova</Username><UserID>UC9lKUEr0yAch7_Jqn604rEg</UserID><Text>а чего польское медио так волнует белорусскороссийское портнерство,</Text><Comments count="2"><Comment><Username>Djon Rembo</Username><UserID>UCARTBhxNV52U0fpZTjWwJyg</UserID><Text>А чаго русьню хвалюе ,,польское медіо,,?</Text></Comment><Comment><Username>игорь вас</Username><UserID>UCceABRJLglg0tZ3qYn-LlKQ</UserID><Text>ольга а чего ты смотришь эти &amp;apos;&amp;apos; медио &amp;apos;&amp;apos;?</Text></Comment></Comments></Comment><Comment><Username>Тамара Исмаилова</Username><UserID>UCwafW5PEKgf44XNPjuETwlw</UserID><Text>Так, в Минске, в Партизанском районе, в квартале улиц Стахановской, Кошевого, Щербакова, Буденного, к сожалению, граждан лишили парковой зоны - так хорошо было раньше детям, родителям с детьми, со всех близлежащих домов там поиграть и т.д. 
Загородили, построили маленькую церковь - ну, нет, чтобы поставить на огромной территории возле парка Великого Октября на Партизанском проспекте между остановками Васнецова и Ванеева!!! И людей бы больше приходило!!!!!
А семьям было бы спокойнее, если бы дети общались со сверстниками недалеко от дома!!!!</Text><Comments count="1"><Comment><Username>Aleksandr Luka</Username><UserID>UC84eykTK1iL2nAa5BNhWSOQ</UserID><Text>А зачем? Всё раздадут... а откуда воровать?</Text></Comment></Comments></Comment><Comment><Username>Aleksandr Luka</Username><UserID>UC84eykTK1iL2nAa5BNhWSOQ</UserID><Text>Байкотировать покупку гомельских обоев нужно. Я не куплю точно.</Text><Comments count="1"><Comment><Username>Djon Rembo</Username><UserID>UCARTBhxNV52U0fpZTjWwJyg</UserID><Text>А яны іх у Рашку за сабекошт , луканоміка!</Text></Comment></Comments></Comment><Comment><Username>Aleksandr Luka</Username><UserID>UC84eykTK1iL2nAa5BNhWSOQ</UserID><Text>Сделают вместо стадиона беговую дорожку, "если нам скажут"... Власть моральных уродов...</Text><Comments count="1"><Comment><Username>Djon Rembo</Username><UserID>UCARTBhxNV52U0fpZTjWwJyg</UserID><Text>А яны іх у Рашку за сабекошт , луканоміка!</Text></Comment></Comments></Comment><Comment><Username>Гоша вася</Username><UserID>UCl2Yr8Q8zAkFtgRcm_f2T4A</UserID><Text>Да, у кирауника краины....... более важные дела....... а вот мяснякович......вообще........весь в теме....... Да....... Что то после этого увиденного сюжета сказать вообще сложно. В стране бардак...., а у нас Сочи и Польша. Да.......</Text></Comment><Comment><Username>Фёкла Петровна</Username><UserID>UCr_m9eEaz9lm7mF-F8Q9Y9A</UserID><Text>все  бумкомбинаты воняют , у нас  в советское время был такой комбинат ,  тоже был ужасный запах ,</Text><Comments count="3"><Comment><Username>Николай Николай</Username><UserID>UCOm_XozvIDv3TmIJEBJfvCw</UserID><Text>Что-то результатов плодотворной работы у пу не видно он точно устал что-то я сомневаюсь.</Text></Comment><Comment><Username>Aleksandr Luka</Username><UserID>UC84eykTK1iL2nAa5BNhWSOQ</UserID><Text>Лукашенко тоже работает не больше четырех часов в неделю, ему тоже отдыхать нужно...</Text></Comment><Comment><Username>vektor topgun</Username><UserID>UCDBQXzfSajpDK6cjBSwztuA</UserID><Text>Фёкла Петровна путлер - президент мира! Тагииииииил. Расисися великая срана.</Text></Comment></Comments></Comment><Comment><Username>Фёкла Петровна</Username><UserID>UCr_m9eEaz9lm7mF-F8Q9Y9A</UserID><Text>не знаю как ваш  лукашенко , но наш путин , очень загружен работой , если несколько  часов покатался на лыжах , при такой  нагрузке ,  молодец , человек должен отдыхать ,</Text><Comments count="3"><Comment><Username>Николай Николай</Username><UserID>UCOm_XozvIDv3TmIJEBJfvCw</UserID><Text>Что-то результатов плодотворной работы у пу не видно он точно устал что-то я сомневаюсь.</Text></Comment><Comment><Username>Aleksandr Luka</Username><UserID>UC84eykTK1iL2nAa5BNhWSOQ</UserID><Text>Лукашенко тоже работает не больше четырех часов в неделю, ему тоже отдыхать нужно...</Text></Comment><Comment><Username>vektor topgun</Username><UserID>UCDBQXzfSajpDK6cjBSwztuA</UserID><Text>Фёкла Петровна путлер - президент мира! Тагииииииил. Расисися великая срана.</Text></Comment></Comments></Comment><Comment><Username>Arseniy Seleznov ZveroBoj</Username><UserID>UCR4GVa_FxLBynOXYii7wAEQ</UserID><Text>Шпалери теж сильна отрава , пишіть та кажіть про це, і фабриці буде непереливки !</Text></Comment><Comment><Username>Яна Диковицкая</Username><UserID>UCrUqWho7jwvq7sXix2OOVfQ</UserID><Text>ДОУПЛОТНЯЛИСЬ  А ПОТОМ  УДИВЛЯЮТСЯ ЧТО ПОДРОСТКОВАЯ ПСИХИКА НЕ ВЫДЕРЖИВАЕТ  ДЕТЯМ НЕГДЕ МЯЧ ПОГОНЯТЬ</Text><Comments count="1"><Comment><Username>Tamara Efimova</Username><UserID>UCQ3uhYsC4ouZOwEqbyKVpvw</UserID><Text>Писали что он много лет занимался мини футболом, так что причина ни в этом</Text></Comment></Comments></Comment></Comments></Details></Item></Root>